Archive member included because of file (symbol)

c:/program files (x86)/atmel/atmel toolchain/avr8 gcc/native/3.4.1061/avr8-gnu-toolchain/bin/../lib/gcc/avr/4.8.1/../../../../avr/lib/avr5\libm.a(addsf3.o)
                              joystick.o (__subsf3)
c:/program files (x86)/atmel/atmel toolchain/avr8 gcc/native/3.4.1061/avr8-gnu-toolchain/bin/../lib/gcc/avr/4.8.1/../../../../avr/lib/avr5\libm.a(addsf3x.o)
                              c:/program files (x86)/atmel/atmel toolchain/avr8 gcc/native/3.4.1061/avr8-gnu-toolchain/bin/../lib/gcc/avr/4.8.1/../../../../avr/lib/avr5\libm.a(addsf3.o) (__addsf3x)
c:/program files (x86)/atmel/atmel toolchain/avr8 gcc/native/3.4.1061/avr8-gnu-toolchain/bin/../lib/gcc/avr/4.8.1/../../../../avr/lib/avr5\libm.a(cmpsf2.o)
                              main.o (__ltsf2)
c:/program files (x86)/atmel/atmel toolchain/avr8 gcc/native/3.4.1061/avr8-gnu-toolchain/bin/../lib/gcc/avr/4.8.1/../../../../avr/lib/avr5\libm.a(divsf3.o)
                              joystick.o (__divsf3)
c:/program files (x86)/atmel/atmel toolchain/avr8 gcc/native/3.4.1061/avr8-gnu-toolchain/bin/../lib/gcc/avr/4.8.1/../../../../avr/lib/avr5\libm.a(divsf3x.o)
                              c:/program files (x86)/atmel/atmel toolchain/avr8 gcc/native/3.4.1061/avr8-gnu-toolchain/bin/../lib/gcc/avr/4.8.1/../../../../avr/lib/avr5\libm.a(divsf3.o) (__divsf3x)
c:/program files (x86)/atmel/atmel toolchain/avr8 gcc/native/3.4.1061/avr8-gnu-toolchain/bin/../lib/gcc/avr/4.8.1/../../../../avr/lib/avr5\libm.a(fixsfsi.o)
                              joystick.o (__fixsfsi)
c:/program files (x86)/atmel/atmel toolchain/avr8 gcc/native/3.4.1061/avr8-gnu-toolchain/bin/../lib/gcc/avr/4.8.1/../../../../avr/lib/avr5\libm.a(fixunssfsi.o)
                              main.o (__fixunssfsi)
c:/program files (x86)/atmel/atmel toolchain/avr8 gcc/native/3.4.1061/avr8-gnu-toolchain/bin/../lib/gcc/avr/4.8.1/../../../../avr/lib/avr5\libm.a(floatsisf.o)
                              joystick.o (__floatunsisf)
c:/program files (x86)/atmel/atmel toolchain/avr8 gcc/native/3.4.1061/avr8-gnu-toolchain/bin/../lib/gcc/avr/4.8.1/../../../../avr/lib/avr5\libm.a(fp_cmp.o)
                              c:/program files (x86)/atmel/atmel toolchain/avr8 gcc/native/3.4.1061/avr8-gnu-toolchain/bin/../lib/gcc/avr/4.8.1/../../../../avr/lib/avr5\libm.a(cmpsf2.o) (__fp_cmp)
c:/program files (x86)/atmel/atmel toolchain/avr8 gcc/native/3.4.1061/avr8-gnu-toolchain/bin/../lib/gcc/avr/4.8.1/../../../../avr/lib/avr5\libm.a(fp_inf.o)
                              c:/program files (x86)/atmel/atmel toolchain/avr8 gcc/native/3.4.1061/avr8-gnu-toolchain/bin/../lib/gcc/avr/4.8.1/../../../../avr/lib/avr5\libm.a(addsf3x.o) (__fp_inf)
c:/program files (x86)/atmel/atmel toolchain/avr8 gcc/native/3.4.1061/avr8-gnu-toolchain/bin/../lib/gcc/avr/4.8.1/../../../../avr/lib/avr5\libm.a(fp_nan.o)
                              c:/program files (x86)/atmel/atmel toolchain/avr8 gcc/native/3.4.1061/avr8-gnu-toolchain/bin/../lib/gcc/avr/4.8.1/../../../../avr/lib/avr5\libm.a(addsf3x.o) (__fp_nan)
c:/program files (x86)/atmel/atmel toolchain/avr8 gcc/native/3.4.1061/avr8-gnu-toolchain/bin/../lib/gcc/avr/4.8.1/../../../../avr/lib/avr5\libm.a(fp_pscA.o)
                              c:/program files (x86)/atmel/atmel toolchain/avr8 gcc/native/3.4.1061/avr8-gnu-toolchain/bin/../lib/gcc/avr/4.8.1/../../../../avr/lib/avr5\libm.a(addsf3x.o) (__fp_pscA)
c:/program files (x86)/atmel/atmel toolchain/avr8 gcc/native/3.4.1061/avr8-gnu-toolchain/bin/../lib/gcc/avr/4.8.1/../../../../avr/lib/avr5\libm.a(fp_pscB.o)
                              c:/program files (x86)/atmel/atmel toolchain/avr8 gcc/native/3.4.1061/avr8-gnu-toolchain/bin/../lib/gcc/avr/4.8.1/../../../../avr/lib/avr5\libm.a(addsf3x.o) (__fp_pscB)
c:/program files (x86)/atmel/atmel toolchain/avr8 gcc/native/3.4.1061/avr8-gnu-toolchain/bin/../lib/gcc/avr/4.8.1/../../../../avr/lib/avr5\libm.a(fp_round.o)
                              c:/program files (x86)/atmel/atmel toolchain/avr8 gcc/native/3.4.1061/avr8-gnu-toolchain/bin/../lib/gcc/avr/4.8.1/../../../../avr/lib/avr5\libm.a(addsf3.o) (__fp_round)
c:/program files (x86)/atmel/atmel toolchain/avr8 gcc/native/3.4.1061/avr8-gnu-toolchain/bin/../lib/gcc/avr/4.8.1/../../../../avr/lib/avr5\libm.a(fp_split3.o)
                              c:/program files (x86)/atmel/atmel toolchain/avr8 gcc/native/3.4.1061/avr8-gnu-toolchain/bin/../lib/gcc/avr/4.8.1/../../../../avr/lib/avr5\libm.a(addsf3x.o) (__fp_split3)
c:/program files (x86)/atmel/atmel toolchain/avr8 gcc/native/3.4.1061/avr8-gnu-toolchain/bin/../lib/gcc/avr/4.8.1/../../../../avr/lib/avr5\libm.a(fp_zero.o)
                              c:/program files (x86)/atmel/atmel toolchain/avr8 gcc/native/3.4.1061/avr8-gnu-toolchain/bin/../lib/gcc/avr/4.8.1/../../../../avr/lib/avr5\libm.a(addsf3x.o) (__fp_zero)
[...]
Memory Configuration

Name             Origin             Length             Attributes
text             0x00000000         0x00020000         xr
data             0x00800060         0x0000ffa0         rw !x
eeprom           0x00810000         0x00010000         rw !x
fuse             0x00820000         0x00000400         rw !x
lock             0x00830000         0x00000400         rw !x
signature        0x00840000         0x00000400         rw !x
user_signatures  0x00850000         0x00000400         rw !x
*default*        0x00000000         0xffffffff

Linker script and memory map

Address of section .data set to 0x800100
LOAD c:/program files (x86)/atmel/atmel toolchain/avr8 gcc/native/3.4.1061/avr8-gnu-toolchain/bin/../lib/gcc/avr/4.8.1/../../../../avr/lib/avr5/crtm162.o
LOAD ADC.o
LOAD CAN.o
LOAD joystick.o
LOAD main.o
LOAD MCP2515.o
LOAD menu.o
LOAD OLED.o
LOAD spi.o
LOAD sram.o
LOAD USART.o
START GROUP
LOAD c:/program files (x86)/atmel/atmel toolchain/avr8 gcc/native/3.4.1061/avr8-gnu-toolchain/bin/../lib/gcc/avr/4.8.1/../../../../avr/lib/avr5\libm.a
END GROUP
START GROUP
LOAD c:/program files (x86)/atmel/atmel toolchain/avr8 gcc/native/3.4.1061/avr8-gnu-toolchain/bin/../lib/gcc/avr/4.8.1/avr5\libgcc.a
LOAD c:/program files (x86)/atmel/atmel toolchain/avr8 gcc/native/3.4.1061/avr8-gnu-toolchain/bin/../lib/gcc/avr/4.8.1/../../../../avr/lib/avr5\libm.a
LOAD c:/program files (x86)/atmel/atmel toolchain/avr8 gcc/native/3.4.1061/avr8-gnu-toolchain/bin/../lib/gcc/avr/4.8.1/../../../../avr/lib/avr5\libc.a
END GROUP

.hash
 *(.hash)

.dynsym
 *(.dynsym)

.dynstr
 *(.dynstr)

.gnu.version
 *(.gnu.version)

.gnu.version_d
 *(.gnu.version_d)

.gnu.version_r
 *(.gnu.version_r)

.rel.init
 *(.rel.init)

.rela.init
 *(.rela.init)

.rel.text
 *(.rel.text)
 *(.rel.text.*)
 *(.rel.gnu.linkonce.t*)

.rela.text
 *(.rela.text)
 *(.rela.text.*)
 *(.rela.gnu.linkonce.t*)

.rel.fini
 *(.rel.fini)

.rela.fini
 *(.rela.fini)

.rel.rodata
 *(.rel.rodata)
 *(.rel.rodata.*)
 *(.rel.gnu.linkonce.r*)

.rela.rodata
 *(.rela.rodata)
 *(.rela.rodata.*)
 *(.rela.gnu.linkonce.r*)

.rel.data
 *(.rel.data)
 *(.rel.data.*)
 *(.rel.gnu.linkonce.d*)

.rela.data
 *(.rela.data)
 *(.rela.data.*)
 *(.rela.gnu.linkonce.d*)

.rel.ctors
 *(.rel.ctors)

.rela.ctors
 *(.rela.ctors)

.rel.dtors
 *(.rel.dtors)

.rela.dtors
 *(.rela.dtors)

.rel.got
 *(.rel.got)

.rela.got
 *(.rela.got)

.rel.bss
 *(.rel.bss)

.rela.bss
 *(.rela.bss)

.rel.plt
 *(.rel.plt)

.rela.plt
 *(.rela.plt)

.text           0x00000000     0x36d0
 *(.vectors)
 .vectors       0x00000000       0x70 c:/program files (x86)/atmel/atmel toolchain/avr8 gcc/native/3.4.1061/avr8-gnu-toolchain/bin/../lib/gcc/avr/4.8.1/../../../../avr/lib/avr5/crtm162.o
                0x00000000                __vector_default
                0x00000000                __vectors
 *(.vectors)
 *(.progmem.gcc*)
                0x00000070                . = ALIGN (0x2)
                0x00000070                __trampolines_start = .
 *(.trampolines)
 .trampolines   0x00000070        0x0 linker stubs
 *(.trampolines*)
                0x00000070                __trampolines_end = .
 *(.progmem*)
 .progmem.data.font
                0x00000070      0x2f8 OLED.o
                0x00000070                font
                0x00000368                . = ALIGN (0x2)
 *(.jumptables)
 *(.jumptables*)
 *(.lowtext)
 *(.lowtext*)
                0x00000368                __ctors_start = .
 *(.ctors)
                0x00000368                __ctors_end = .
                0x00000368                __dtors_start = .
 *(.dtors)
                0x00000368                __dtors_end = .
 SORT(*)(.ctors)
 SORT(*)(.dtors)
 *(.init0)
 .init0         0x00000368        0x0 c:/program files (x86)/atmel/atmel toolchain/avr8 gcc/native/3.4.1061/avr8-gnu-toolchain/bin/../lib/gcc/avr/4.8.1/../../../../avr/lib/avr5/crtm162.o
                0x00000368                __init
 *(.init0)
 *(.init1)
 *(.init1)
 *(.init2)
 .init2         0x00000368        0xc c:/program files (x86)/atmel/atmel toolchain/avr8 gcc/native/3.4.1061/avr8-gnu-toolchain/bin/../lib/gcc/avr/4.8.1/../../../../avr/lib/avr5/crtm162.o
 *(.init2)
 *(.init3)
 *(.init3)
 *(.init4)
 .init4         0x00000374       0x16 c:/program files (x86)/atmel/atmel toolchain/avr8 gcc/native/3.4.1061/avr8-gnu-toolchain/bin/../lib/gcc/avr/4.8.1/avr5\libgcc.a(_copy_data.o)
                0x00000374                __do_copy_data
 .init4         0x0000038a       0x10 c:/program files (x86)/atmel/atmel toolchain/avr8 gcc/native/3.4.1061/avr8-gnu-toolchain/bin/../lib/gcc/avr/4.8.1/avr5\libgcc.a(_clear_bss.o)
                0x0000038a                __do_clear_bss
 *(.init4)
 *(.init5)
 *(.init5)
 *(.init6)
 *(.init6)
 *(.init7)
 *(.init7)
 *(.init8)
 *(.init8)
 *(.init9)
 .init9         0x0000039a        0x8 c:/program files (x86)/atmel/atmel toolchain/avr8 gcc/native/3.4.1061/avr8-gnu-toolchain/bin/../lib/gcc/avr/4.8.1/../../../../avr/lib/avr5/crtm162.o
 *(.init9)
 *(.text)
 .text          0x000003a2        0x4 c:/program files (x86)/atmel/atmel toolchain/avr8 gcc/native/3.4.1061/avr8-gnu-toolchain/bin/../lib/gcc/avr/4.8.1/../../../../avr/lib/avr5/crtm162.o
                0x000003a2                __vector_22
                0x000003a2                __vector_1
                0x000003a2                __vector_24
                0x000003a2                __vector_12
                0x000003a2                __bad_interrupt
                0x000003a2                __vector_6
                0x000003a2                __vector_3
                0x000003a2                __vector_23
                0x000003a2                __vector_25
                0x000003a2                __vector_11
                0x000003a2                __vector_13
                0x000003a2                __vector_17
                0x000003a2                __vector_19
                0x000003a2                __vector_7
                0x000003a2                __vector_27
                0x000003a2                __vector_5
                0x000003a2                __vector_4
                0x000003a2                __vector_9
                0x000003a2                __vector_21
                0x000003a2                __vector_15
                0x000003a2                __vector_8
                0x000003a2                __vector_26
                0x000003a2                __vector_14
                0x000003a2                __vector_10
                0x000003a2                __vector_16
                0x000003a2                __vector_18
                0x000003a2                __vector_20
                0x000003a6                . = ALIGN (0x2)
 *(.text.*)
 .text.setup_ADC
                0x000003a6       0x20 ADC.o
                0x000003a6                setup_ADC
 .text.read_ADC
                0x000003c6       0x6e ADC.o
                0x000003c6                read_ADC
 .text.can_init
                0x00000434       0x60 CAN.o
                0x00000434                can_init
 .text.CAN_enable_normal_mode
                0x00000494       0x12 CAN.o
                0x00000494                CAN_enable_normal_mode
 .text.can_send_message
                0x000004a6       0xc8 CAN.o
                0x000004a6                can_send_message
 .text.can_receive_message
                0x0000056e       0xe0 CAN.o
                0x0000056e                can_receive_message
 .text.can_data_received
                0x0000064e       0x12 CAN.o
                0x0000064e                can_data_received
 .text.can_error
                0x00000660       0x70 CAN.o
                0x00000660                can_error
 .text.can_transmit_complete
                0x000006d0       0x5a CAN.o
                0x000006d0                can_transmit_complete
 .text.__vector_2
                0x0000072a       0xa8 CAN.o
                0x0000072a                __vector_2
 .text.joystick_init
                0x000007d2       0x86 joystick.o
                0x000007d2                joystick_init
 .text.read_joystick
                0x00000858       0xce joystick.o
                0x00000858                read_joystick
 .text.calibrate_joystick
                0x00000926       0xa8 joystick.o
                0x00000926                calibrate_joystick
 .text.joystick_getDirection
                0x000009ce      0x14c joystick.o
                0x000009ce                joystick_getDirection
 .text.joystick_get_x_percentage
                0x00000b1a       0x44 joystick.o
                0x00000b1a                joystick_get_x_percentage
 .text.joystick_get_y_percentage
                0x00000b5e       0x44 joystick.o
                0x00000b5e                joystick_get_y_percentage
 .text.joystick_get_right_slider
                0x00000ba2       0x1c joystick.o
                0x00000ba2                joystick_get_right_slider
 .text.convert_to_percentage
                0x00000bbe       0x82 joystick.o
                0x00000bbe                convert_to_percentage
 .text.main     0x00000c40      0x2b4 main.o
                0x00000c40                main
 .text.in_menus
                0x00000ef4       0xb6 main.o
                0x00000ef4                in_menus
 .text.playing_the_game
                0x00000faa      0x21c main.o
                0x00000faa                playing_the_game
 .text.send_joystick_data
                0x000011c6      0x112 main.o
                0x000011c6                send_joystick_data
 .text.initializations
                0x000012d8       0x94 main.o
                0x000012d8                initializations
 .text.mcp_2515_init
                0x0000136c      0x15e MCP2515.o
                0x0000136c                mcp_2515_init
 .text.mcp_2515_enable_normal_operation
                0x000014ca      0x130 MCP2515.o
                0x000014ca                mcp_2515_enable_normal_operation
 .text.mcp_2515_read
                0x000015fa       0x32 MCP2515.o
                0x000015fa                mcp_2515_read
 .text.mcp_2515_write
                0x0000162c       0x32 MCP2515.o
                0x0000162c                mcp_2515_write
 .text.mcp_2515_request_to_send
                0x0000165e       0x22 MCP2515.o
                0x0000165e                mcp_2515_request_to_send
 .text.mcp_2515_bit_modify
                0x00001680       0x3e MCP2515.o
                0x00001680                mcp_2515_bit_modify
 .text.mcp_2515_reset
                0x000016be       0x1c MCP2515.o
                0x000016be                mcp_2515_reset
 .text.menu_init
                0x000016da      0x158 menu.o
                0x000016da                menu_init
 .text.move_arrow
                0x00001832       0xce menu.o
                0x00001832                move_arrow
 .text.print_menu
                0x00001900      0x120 menu.o
                0x00001900                print_menu
 .text.button_action
                0x00001a20      0x1ac menu.o
                0x00001a20                button_action
 .text.navigateMenu
                0x00001bcc      0x11c menu.o
                0x00001bcc                navigateMenu
 .text.print_highscore
                0x00001ce8       0x7e menu.o
                0x00001ce8                print_highscore
 .text.print_settings
                0x00001d66       0x3e menu.o
                0x00001d66                print_settings
 .text.get_game_mode
                0x00001da4       0x16 menu.o
                0x00001da4                get_game_mode
 .text.restart_game_mode
                0x00001dba       0x12 menu.o
                0x00001dba                restart_game_mode
 .text.set_high_score_list
                0x00001dcc      0x120 menu.o
                0x00001dcc                set_high_score_list
 .text.sort_list
                0x00001eec      0x114 menu.o
                0x00001eec                sort_list
 .text.menu_playing
                0x00002000       0x5a menu.o
                0x00002000                menu_playing
 .text.oled_init
                0x0000205a       0x9a OLED.o
                0x0000205a                oled_init
 .text.write_c  0x000020f4       0x22 OLED.o
                0x000020f4                write_c
 .text.write_d  0x00002116       0x22 OLED.o
                0x00002116                write_d
 .text.oled_reset
                0x00002138       0x34 OLED.o
                0x00002138                oled_reset
 .text.oled_home
                0x0000216c       0x36 OLED.o
                0x0000216c                oled_home
 .text.oled_goto_line
                0x000021a2       0x28 OLED.o
                0x000021a2                oled_goto_line
 .text.oled_goto_column
                0x000021ca       0x5e OLED.o
                0x000021ca                oled_goto_column
 .text.oled_clear_line
                0x00002228       0x40 OLED.o
                0x00002228                oled_clear_line
 .text.oled_pos
                0x00002268       0x24 OLED.o
                0x00002268                oled_pos
 .text.oled_print_char
                0x0000228c       0x72 OLED.o
                0x0000228c                oled_print_char
 .text.oled_print_string
                0x000022fe       0x74 OLED.o
                0x000022fe                oled_print_string
 .text.oled_print_arrow
                0x00002372       0x3e OLED.o
                0x00002372                oled_print_arrow
 .text.spi_init
                0x000023b0       0x3c spi.o
                0x000023b0                spi_init
 .text.spi_send
                0x000023ec       0x2c spi.o
                0x000023ec                spi_send
 .text.spi_read
                0x00002418       0x2c spi.o
                0x00002418                spi_read
 .text.spi_enable
                0x00002444       0x20 spi.o
                0x00002444                spi_enable
 .text.spi_disable
                0x00002464       0x20 spi.o
                0x00002464                spi_disable
 .text.sram_setup
                0x00002484       0x12 sram.o
                0x00002484                sram_setup
 .text.SRAM_test
                0x00002496      0x1b6 sram.o
                0x00002496                SRAM_test
 .text.USART_Init
                0x0000264c       0x5a USART.o
                0x0000264c                USART_Init
 .text.USART_Transmit
                0x000026a6       0x42 USART.o
                0x000026a6                USART_Transmit
 .text.USART_Recieve
                0x000026e8       0x32 USART.o
                0x000026e8                USART_Recieve
 .text.avr-libc.fplib
                0x0000271a        0xa c:/program files (x86)/atmel/atmel toolchain/avr8 gcc/native/3.4.1061/avr8-gnu-toolchain/bin/../lib/gcc/avr/4.8.1/../../../../avr/lib/avr5\libm.a(addsf3.o)
                0x0000271a                __subsf3
                0x0000271c                __addsf3
 .text.avr-libc.fplib
                0x00002724       0xc0 c:/program files (x86)/atmel/atmel toolchain/avr8 gcc/native/3.4.1061/avr8-gnu-toolchain/bin/../lib/gcc/avr/4.8.1/../../../../avr/lib/avr5\libm.a(addsf3x.o)
                0x0000273e                __addsf3x
 .text.avr-libc.fplib
                0x000027e4        0x8 c:/program files (x86)/atmel/atmel toolchain/avr8 gcc/native/3.4.1061/avr8-gnu-toolchain/bin/../lib/gcc/avr/4.8.1/../../../../avr/lib/avr5\libm.a(cmpsf2.o)
                0x000027e4                __nesf2
                0x000027e4                __eqsf2
                0x000027e4                __cmpsf2
                0x000027e4                __ltsf2
                0x000027e4                __lesf2
 .text.avr-libc.fplib
                0x000027ec        0x4 c:/program files (x86)/atmel/atmel toolchain/avr8 gcc/native/3.4.1061/avr8-gnu-toolchain/bin/../lib/gcc/avr/4.8.1/../../../../avr/lib/avr5\libm.a(divsf3.o)
                0x000027ec                __divsf3
 .text.avr-libc.fplib
                0x000027f0       0xcc c:/program files (x86)/atmel/atmel toolchain/avr8 gcc/native/3.4.1061/avr8-gnu-toolchain/bin/../lib/gcc/avr/4.8.1/../../../../avr/lib/avr5\libm.a(divsf3x.o)
                0x00002806                __divsf3x
                0x0000280a                __divsf3_pse
 .text.avr-libc.fplib
                0x000028bc        0xa c:/program files (x86)/atmel/atmel toolchain/avr8 gcc/native/3.4.1061/avr8-gnu-toolchain/bin/../lib/gcc/avr/4.8.1/../../../../avr/lib/avr5\libm.a(fixsfsi.o)
                0x000028bc                __fixsfsi
 .text.avr-libc.fplib
                0x000028c6       0x58 c:/program files (x86)/atmel/atmel toolchain/avr8 gcc/native/3.4.1061/avr8-gnu-toolchain/bin/../lib/gcc/avr/4.8.1/../../../../avr/lib/avr5\libm.a(fixunssfsi.o)
                0x000028c6                __fixunssfsi
 .text.avr-libc.fplib
                0x0000291e       0x7a c:/program files (x86)/atmel/atmel toolchain/avr8 gcc/native/3.4.1061/avr8-gnu-toolchain/bin/../lib/gcc/avr/4.8.1/../../../../avr/lib/avr5\libm.a(floatsisf.o)
                0x0000291e                __floatunsisf
                0x00002922                __floatsisf
 .text.avr-libc.fplib
                0x00002998       0x48 c:/program files (x86)/atmel/atmel toolchain/avr8 gcc/native/3.4.1061/avr8-gnu-toolchain/bin/../lib/gcc/avr/4.8.1/../../../../avr/lib/avr5\libm.a(fp_cmp.o)
                0x00002998                __fp_cmp
 .text.avr-libc.fplib
                0x000029e0        0xc c:/program files (x86)/atmel/atmel toolchain/avr8 gcc/native/3.4.1061/avr8-gnu-toolchain/bin/../lib/gcc/avr/4.8.1/../../../../avr/lib/avr5\libm.a(fp_inf.o)
                0x000029e0                __fp_inf
 .text.avr-libc.fplib
                0x000029ec        0x6 c:/program files (x86)/atmel/atmel toolchain/avr8 gcc/native/3.4.1061/avr8-gnu-toolchain/bin/../lib/gcc/avr/4.8.1/../../../../avr/lib/avr5\libm.a(fp_nan.o)
                0x000029ec                __fp_nan
 .text.avr-libc.fplib
                0x000029f2        0xe c:/program files (x86)/atmel/atmel toolchain/avr8 gcc/native/3.4.1061/avr8-gnu-toolchain/bin/../lib/gcc/avr/4.8.1/../../../../avr/lib/avr5\libm.a(fp_pscA.o)
                0x000029f2                __fp_pscA
 .text.avr-libc.fplib
                0x00002a00        0xe c:/program files (x86)/atmel/atmel toolchain/avr8 gcc/native/3.4.1061/avr8-gnu-toolchain/bin/../lib/gcc/avr/4.8.1/../../../../avr/lib/avr5\libm.a(fp_pscB.o)
                0x00002a00                __fp_pscB
 .text.avr-libc.fplib
                0x00002a0e       0x22 c:/program files (x86)/atmel/atmel toolchain/avr8 gcc/native/3.4.1061/avr8-gnu-toolchain/bin/../lib/gcc/avr/4.8.1/../../../../avr/lib/avr5\libm.a(fp_round.o)
                0x00002a0e                __fp_round
 .text.avr-libc.fplib
                0x00002a30       0x44 c:/program files (x86)/atmel/atmel toolchain/avr8 gcc/native/3.4.1061/avr8-gnu-toolchain/bin/../lib/gcc/avr/4.8.1/../../../../avr/lib/avr5\libm.a(fp_split3.o)
                0x00002a30                __fp_split3
                0x00002a40                __fp_splitA
 .text.avr-libc.fplib
                0x00002a74        0xe c:/program files (x86)/atmel/atmel toolchain/avr8 gcc/native/3.4.1061/avr8-gnu-toolchain/bin/../lib/gcc/avr/4.8.1/../../../../avr/lib/avr5\libm.a(fp_zero.o)
                0x00002a74                __fp_zero
                0x00002a76                __fp_szero
 .text.avr-libc.fplib
                0x00002a82        0x8 c:/program files (x86)/atmel/atmel toolchain/avr8 gcc/native/3.4.1061/avr8-gnu-toolchain/bin/../lib/gcc/avr/4.8.1/../../../../avr/lib/avr5\libm.a(gesf2.o)
                0x00002a82                __gesf2
                0x00002a82                __gtsf2
 .text.avr-libc.fplib
                0x00002a8a        0x4 c:/program files (x86)/atmel/atmel toolchain/avr8 gcc/native/3.4.1061/avr8-gnu-toolchain/bin/../lib/gcc/avr/4.8.1/../../../../avr/lib/avr5\libm.a(mulsf3.o)
                0x00002a8a                __mulsf3
 .text.avr-libc.fplib
                0x00002a8e       0xc2 c:/program files (x86)/atmel/atmel toolchain/avr8 gcc/native/3.4.1061/avr8-gnu-toolchain/bin/../lib/gcc/avr/4.8.1/../../../../avr/lib/avr5\libm.a(mulsf3x.o)
                0x00002aa2                __mulsf3x
                0x00002aa6                __mulsf3_pse
 .text.libgcc.div
                0x00002b50       0x28 c:/program files (x86)/atmel/atmel toolchain/avr8 gcc/native/3.4.1061/avr8-gnu-toolchain/bin/../lib/gcc/avr/4.8.1/avr5\libgcc.a(_divmodhi4.o)
                0x00002b50                _div
                0x00002b50                __divmodhi4
 .text.libgcc.div
                0x00002b78       0x28 c:/program files (x86)/atmel/atmel toolchain/avr8 gcc/native/3.4.1061/avr8-gnu-toolchain/bin/../lib/gcc/avr/4.8.1/avr5\libgcc.a(_udivmodhi4.o)
                0x00002b78                __udivmodhi4
 .text.avr-libc
                0x00002ba0      0x24e c:/program files (x86)/atmel/atmel toolchain/avr8 gcc/native/3.4.1061/avr8-gnu-toolchain/bin/../lib/gcc/avr/4.8.1/../../../../avr/lib/avr5\libc.a(malloc.o)
                0x00002ba0                malloc
                0x00002cd0                free
 .text.avr-libc
                0x00002dee       0xbc c:/program files (x86)/atmel/atmel toolchain/avr8 gcc/native/3.4.1061/avr8-gnu-toolchain/bin/../lib/gcc/avr/4.8.1/../../../../avr/lib/avr5\libc.a(rand.o)
                0x00002e84                rand_r
                0x00002e8a                rand
                0x00002e94                srand
 .text.avr-libc
                0x00002eaa       0x12 c:/program files (x86)/atmel/atmel toolchain/avr8 gcc/native/3.4.1061/avr8-gnu-toolchain/bin/../lib/gcc/avr/4.8.1/../../../../avr/lib/avr5\libc.a(strcmp.o)
                0x00002eaa                strcmp
 .text.avr-libc
                0x00002ebc       0x16 c:/program files (x86)/atmel/atmel toolchain/avr8 gcc/native/3.4.1061/avr8-gnu-toolchain/bin/../lib/gcc/avr/4.8.1/../../../../avr/lib/avr5\libc.a(itoa.o)
                0x00002ebc                __itoa
                0x00002ebc                itoa
 .text.avr-libc
                0x00002ed2       0x16 c:/program files (x86)/atmel/atmel toolchain/avr8 gcc/native/3.4.1061/avr8-gnu-toolchain/bin/../lib/gcc/avr/4.8.1/../../../../avr/lib/avr5\libc.a(itoa_ncheck.o)
                0x00002ed2                __itoa_ncheck
 .text.avr-libc
                0x00002ee8       0x34 c:/program files (x86)/atmel/atmel toolchain/avr8 gcc/native/3.4.1061/avr8-gnu-toolchain/bin/../lib/gcc/avr/4.8.1/../../../../avr/lib/avr5\libc.a(utoa_ncheck.o)
                0x00002ee8                __utoa_ncheck
                0x00002eea                __utoa_common
 .text.avr-libc
                0x00002f1c       0x96 c:/program files (x86)/atmel/atmel toolchain/avr8 gcc/native/3.4.1061/avr8-gnu-toolchain/bin/../lib/gcc/avr/4.8.1/../../../../avr/lib/avr5\libc.a(fdevopen.o)
                0x00002f1c                fdevopen
 .text.avr-libc
                0x00002fb2       0x28 c:/program files (x86)/atmel/atmel toolchain/avr8 gcc/native/3.4.1061/avr8-gnu-toolchain/bin/../lib/gcc/avr/4.8.1/../../../../avr/lib/avr5\libc.a(printf.o)
                0x00002fb2                printf
 .text.avr-libc
                0x00002fda        0xe c:/program files (x86)/atmel/atmel toolchain/avr8 gcc/native/3.4.1061/avr8-gnu-toolchain/bin/../lib/gcc/avr/4.8.1/../../../../avr/lib/avr5\libc.a(putchar.o)
                0x00002fda                putchar
 .text.avr-libc
                0x00002fe8       0x5a c:/program files (x86)/atmel/atmel toolchain/avr8 gcc/native/3.4.1061/avr8-gnu-toolchain/bin/../lib/gcc/avr/4.8.1/../../../../avr/lib/avr5\libc.a(puts.o)
                0x00002fe8                puts
 .text.avr-libc
                0x00003042      0x3a4 c:/program files (x86)/atmel/atmel toolchain/avr8 gcc/native/3.4.1061/avr8-gnu-toolchain/bin/../lib/gcc/avr/4.8.1/../../../../avr/lib/avr5\libc.a(vfprintf_std.o)
                0x00003042                vfprintf
 .text.avr-libc
                0x000033e6       0x38 c:/program files (x86)/atmel/atmel toolchain/avr8 gcc/native/3.4.1061/avr8-gnu-toolchain/bin/../lib/gcc/avr/4.8.1/../../../../avr/lib/avr5\libc.a(calloc.o)
                0x000033e6                calloc
 .text.avr-libc
                0x0000341e       0x16 c:/program files (x86)/atmel/atmel toolchain/avr8 gcc/native/3.4.1061/avr8-gnu-toolchain/bin/../lib/gcc/avr/4.8.1/../../../../avr/lib/avr5\libc.a(strnlen_P.o)
                0x0000341e                strnlen_P
 .text.avr-libc
                0x00003434        0xe c:/program files (x86)/atmel/atmel toolchain/avr8 gcc/native/3.4.1061/avr8-gnu-toolchain/bin/../lib/gcc/avr/4.8.1/../../../../avr/lib/avr5\libc.a(memset.o)
                0x00003434                memset
 .text.avr-libc
                0x00003442       0x16 c:/program files (x86)/atmel/atmel toolchain/avr8 gcc/native/3.4.1061/avr8-gnu-toolchain/bin/../lib/gcc/avr/4.8.1/../../../../avr/lib/avr5\libc.a(strnlen.o)
                0x00003442                strnlen
 .text.avr-libc
                0x00003458       0x20 c:/program files (x86)/atmel/atmel toolchain/avr8 gcc/native/3.4.1061/avr8-gnu-toolchain/bin/../lib/gcc/avr/4.8.1/../../../../avr/lib/avr5\libc.a(strrev.o)
                0x00003458                strrev
 .text.avr-libc
                0x00003478       0x64 c:/program files (x86)/atmel/atmel toolchain/avr8 gcc/native/3.4.1061/avr8-gnu-toolchain/bin/../lib/gcc/avr/4.8.1/../../../../avr/lib/avr5\libc.a(fputc.o)
                0x00003478                fputc
 .text.avr-libc
                0x000034dc       0xbc c:/program files (x86)/atmel/atmel toolchain/avr8 gcc/native/3.4.1061/avr8-gnu-toolchain/bin/../lib/gcc/avr/4.8.1/../../../../avr/lib/avr5\libc.a(ultoa_invert.o)
                0x000034dc                __ultoa_invert
 .text.libgcc.div
                0x00003598       0x2e c:/program files (x86)/atmel/atmel toolchain/avr8 gcc/native/3.4.1061/avr8-gnu-toolchain/bin/../lib/gcc/avr/4.8.1/avr5\libgcc.a(_divmodsi4.o)
                0x00003598                __divmodsi4
 .text.libgcc.div
                0x000035c6       0x10 c:/program files (x86)/atmel/atmel toolchain/avr8 gcc/native/3.4.1061/avr8-gnu-toolchain/bin/../lib/gcc/avr/4.8.1/avr5\libgcc.a(_negsi2.o)
                0x000035c6                __negsi2
 .text.libgcc.mul
                0x000035d6       0x16 c:/program files (x86)/atmel/atmel toolchain/avr8 gcc/native/3.4.1061/avr8-gnu-toolchain/bin/../lib/gcc/avr/4.8.1/avr5\libgcc.a(_muluhisi3.o)
                0x000035d6                __muluhisi3
 .text.libgcc.mul
                0x000035ec       0x10 c:/program files (x86)/atmel/atmel toolchain/avr8 gcc/native/3.4.1061/avr8-gnu-toolchain/bin/../lib/gcc/avr/4.8.1/avr5\libgcc.a(_mulshisi3.o)
                0x000035ec                __mulshisi3
                0x000035f2                __mulohisi3
 .text.libgcc.prologue
                0x000035fc       0x38 c:/program files (x86)/atmel/atmel toolchain/avr8 gcc/native/3.4.1061/avr8-gnu-toolchain/bin/../lib/gcc/avr/4.8.1/avr5\libgcc.a(_prologue.o)
                0x000035fc                __prologue_saves__
 .text.libgcc.prologue
                0x00003634       0x36 c:/program files (x86)/atmel/atmel toolchain/avr8 gcc/native/3.4.1061/avr8-gnu-toolchain/bin/../lib/gcc/avr/4.8.1/avr5\libgcc.a(_epilogue.o)
                0x00003634                __epilogue_restores__
 .text.libgcc.div
                0x0000366a       0x44 c:/program files (x86)/atmel/atmel toolchain/avr8 gcc/native/3.4.1061/avr8-gnu-toolchain/bin/../lib/gcc/avr/4.8.1/avr5\libgcc.a(_udivmodsi4.o)
                0x0000366a                __udivmodsi4
 .text.libgcc.mul
                0x000036ae       0x1e c:/program files (x86)/atmel/atmel toolchain/avr8 gcc/native/3.4.1061/avr8-gnu-toolchain/bin/../lib/gcc/avr/4.8.1/avr5\libgcc.a(_umulhisi3.o)
                0x000036ae                __umulhisi3
                0x000036cc                . = ALIGN (0x2)
 *(.fini9)
 .fini9         0x000036cc        0x0 c:/program files (x86)/atmel/atmel toolchain/avr8 gcc/native/3.4.1061/avr8-gnu-toolchain/bin/../lib/gcc/avr/4.8.1/avr5\libgcc.a(_exit.o)
                0x000036cc                _exit
                0x000036cc                exit
 *(.fini9)
 *(.fini8)
 *(.fini8)
 *(.fini7)
 *(.fini7)
 *(.fini6)
 *(.fini6)
 *(.fini5)
 *(.fini5)
 *(.fini4)
 *(.fini4)
 *(.fini3)
 *(.fini3)
 *(.fini2)
 *(.fini2)
 *(.fini1)
 *(.fini1)
 *(.fini0)
 .fini0         0x000036cc        0x4 c:/program files (x86)/atmel/atmel toolchain/avr8 gcc/native/3.4.1061/avr8-gnu-toolchain/bin/../lib/gcc/avr/4.8.1/avr5\libgcc.a(_exit.o)
 *(.fini0)
                0x000036d0                _etext = .

.data           0x00800100      0x29a load address 0x000036d0
                0x00800100                PROVIDE (__data_start, .)
 *(.data)
 .data          0x00800100        0x6 c:/program files (x86)/atmel/atmel toolchain/avr8 gcc/native/3.4.1061/avr8-gnu-toolchain/bin/../lib/gcc/avr/4.8.1/../../../../avr/lib/avr5\libc.a(malloc.o)
                0x00800100                __malloc_heap_end
                0x00800102                __malloc_heap_start
                0x00800104                __malloc_margin
 .data          0x00800106        0x4 c:/program files (x86)/atmel/atmel toolchain/avr8 gcc/native/3.4.1061/avr8-gnu-toolchain/bin/../lib/gcc/avr/4.8.1/../../../../avr/lib/avr5\libc.a(rand.o)
 *(.data*)
 .data.allowed_tries
                0x0080010a        0x1 CAN.o
                0x0080010a                allowed_tries
 .data.arrow_line
                0x0080010b        0x1 main.o
                0x0080010b                arrow_line
 .data.lives    0x0080010c        0x1 main.o
                0x0080010c                lives
 .data.pause    0x0080010d        0x1 main.o
                0x0080010d                pause
 .data.previousDIR
                0x0080010e        0x1 menu.o
                0x0080010e                previousDIR
 .data.command_address
                0x0080010f        0x2 OLED.o
                0x0080010f                command_address
 .data.data_address
                0x00800111        0x2 OLED.o
                0x00800111                data_address
 *(.rodata)
 .rodata        0x00800113       0x8b CAN.o
 .rodata        0x0080019e       0x18 joystick.o
 .rodata        0x008001b6       0x41 main.o
 .rodata        0x008001f7       0x4f MCP2515.o
 .rodata        0x00800246       0x55 menu.o
 .rodata        0x0080029b       0xe5 sram.o
 *(.rodata*)
 .rodata.playing
                0x00800380        0xd menu.o
                0x00800380                playing
 .rodata.number_of_lives
                0x0080038d        0xc menu.o
                0x0080038d                number_of_lives
 *(.gnu.linkonce.d*)
                0x0080039a                . = ALIGN (0x2)
 *fill*         0x00800399        0x1 
                0x0080039a                _edata = .
                0x0080039a                PROVIDE (__data_end, .)

.bss            0x0080039a       0x8c
                0x0080039a                PROVIDE (__bss_start, .)
 *(.bss)
 *(.bss*)
 .bss.message_received
                0x0080039a        0x1 CAN.o
                0x0080039a                message_received
 .bss.mode_t    0x0080039b        0x1 main.o
                0x0080039b                mode_t
 .bss.game_initialized
                0x0080039c        0x1 main.o
                0x0080039c                game_initialized
 .bss.game_started
                0x0080039d        0x1 menu.o
                0x0080039d                game_started
 *(COMMON)
 COMMON         0x0080039e        0x1 CAN.o
                0x0080039e                number_of_tries
 COMMON         0x0080039f        0x8 joystick.o
                0x0080039f                offset_x
                0x008003a3                offset_y
 COMMON         0x008003a7        0x8 main.o
                0x008003a7                sendmessage
                0x008003a9                score
                0x008003ab                previous_joystick_button
                0x008003ac                menu_printed
                0x008003ad                main_menu
 COMMON         0x008003af       0x69 menu.o
                0x008003af                high_score
                0x008003b5                Mainmenu
                0x008003c2                Settings
                0x008003cf                first_place
                0x008003d7                current_menu
                0x008003d9                Newgame
                0x008003e6                Return
                0x008003f3                third_place
                0x008003fb                lives_int
                0x00800403                Highscore
                0x00800410                second_place
 COMMON         0x00800418        0x2 OLED.o
                0x00800418                currentLine
                0x00800419                current_column
 COMMON         0x0080041a        0x2 USART.o
                0x0080041a                uart
 COMMON         0x0080041c        0x4 c:/program files (x86)/atmel/atmel toolchain/avr8 gcc/native/3.4.1061/avr8-gnu-toolchain/bin/../lib/gcc/avr/4.8.1/../../../../avr/lib/avr5\libc.a(malloc.o)
                0x0080041c                __brkval
                0x0080041e                __flp
 COMMON         0x00800420        0x6 c:/program files (x86)/atmel/atmel toolchain/avr8 gcc/native/3.4.1061/avr8-gnu-toolchain/bin/../lib/gcc/avr/4.8.1/../../../../avr/lib/avr5\libc.a(iob.o)
                0x00800420                __iob
                0x00800426                PROVIDE (__bss_end, .)
                0x000036d0                __data_load_start = LOADADDR (.data)
                0x0000396a                __data_load_end = (__data_load_start + SIZEOF (.data))

.noinit         0x00800426        0x0
                0x00800426                PROVIDE (__noinit_start, .)
 *(.noinit*)
                0x00800426                PROVIDE (__noinit_end, .)
                0x00800426                _end = .
                0x00800426                PROVIDE (__heap_start, .)

.eeprom         0x00810000        0x0
 *(.eeprom*)
                0x00810000                __eeprom_end = .

.fuse
 *(.fuse)
 *(.lfuse)
 *(.hfuse)
 *(.efuse)

.lock
 *(.lock*)

.signature
 *(.signature*)

.user_signatures
 *(.user_signatures*)

.stab
 *(.stab)

.stabstr
 *(.stabstr)

.stab.excl
 *(.stab.excl)

.stab.exclstr
 *(.stab.exclstr)

.stab.index
 *(.stab.index)

.stab.indexstr
 *(.stab.indexstr)

.comment        0x00000000       0x5c
 *(.comment)
 .comment       0x00000000       0x30 ADC.o
                                 0x31 (size before relaxing)
 .comment       0x00000000       0x31 CAN.o
 .comment       0x00000000       0x31 joystick.o
 .comment       0x00000000       0x31 main.o
 .comment       0x00000000       0x31 MCP2515.o
 .comment       0x00000000       0x31 menu.o
 .comment       0x00000000       0x31 OLED.o
 .comment       0x00000000       0x31 spi.o
 .comment       0x00000000       0x31 sram.o
 .comment       0x00000000       0x31 USART.o
 .comment       0x00000000       0x31 c:/program files (x86)/atmel/atmel toolchain/avr8 gcc/native/3.4.1061/avr8-gnu-toolchain/bin/../lib/gcc/avr/4.8.1/../../../../avr/lib/avr5\libc.a(malloc.o)
 .comment       0x00000000       0x31 c:/program files (x86)/atmel/atmel toolchain/avr8 gcc/native/3.4.1061/avr8-gnu-toolchain/bin/../lib/gcc/avr/4.8.1/../../../../avr/lib/avr5\libc.a(rand.o)
 .comment       0x00000000       0x31 c:/program files (x86)/atmel/atmel toolchain/avr8 gcc/native/3.4.1061/avr8-gnu-toolchain/bin/../lib/gcc/avr/4.8.1/../../../../avr/lib/avr5\libc.a(fdevopen.o)
 .comment       0x00000000       0x31 c:/program files (x86)/atmel/atmel toolchain/avr8 gcc/native/3.4.1061/avr8-gnu-toolchain/bin/../lib/gcc/avr/4.8.1/../../../../avr/lib/avr5\libc.a(iob.o)
 .comment       0x00000000       0x31 c:/program files (x86)/atmel/atmel toolchain/avr8 gcc/native/3.4.1061/avr8-gnu-toolchain/bin/../lib/gcc/avr/4.8.1/../../../../avr/lib/avr5\libc.a(printf.o)
 .comment       0x00000000       0x31 c:/program files (x86)/atmel/atmel toolchain/avr8 gcc/native/3.4.1061/avr8-gnu-toolchain/bin/../lib/gcc/avr/4.8.1/../../../../avr/lib/avr5\libc.a(putchar.o)
 .comment       0x00000000       0x31 c:/program files (x86)/atmel/atmel toolchain/avr8 gcc/native/3.4.1061/avr8-gnu-toolchain/bin/../lib/gcc/avr/4.8.1/../../../../avr/lib/avr5\libc.a(puts.o)
 .comment       0x00000030       0x2c c:/program files (x86)/atmel/atmel toolchain/avr8 gcc/native/3.4.1061/avr8-gnu-toolchain/bin/../lib/gcc/avr/4.8.1/../../../../avr/lib/avr5\libc.a(vfprintf_std.o)
                                 0x2d (size before relaxing)
 .comment       0x00000000       0x31 c:/program files (x86)/atmel/atmel toolchain/avr8 gcc/native/3.4.1061/avr8-gnu-toolchain/bin/../lib/gcc/avr/4.8.1/../../../../avr/lib/avr5\libc.a(calloc.o)
 .comment       0x00000000       0x31 c:/program files (x86)/atmel/atmel toolchain/avr8 gcc/native/3.4.1061/avr8-gnu-toolchain/bin/../lib/gcc/avr/4.8.1/../../../../avr/lib/avr5\libc.a(fputc.o)

.note.gnu.build-id
 *(.note.gnu.build-id)

.debug
 *(.debug)

.line
 *(.line)

.debug_srcinfo
 *(.debug_srcinfo)

.debug_sfnames
 *(.debug_sfnames)

.debug_aranges  0x00000000      0x358
 *(.debug_aranges)
 .debug_aranges
                0x00000000       0x30 ADC.o
 .debug_aranges
                0x00000030       0x60 CAN.o
 .debug_aranges
                0x00000090       0x88 joystick.o
 .debug_aranges
                0x00000118       0x40 main.o
 .debug_aranges
                0x00000158       0x60 MCP2515.o
 .debug_aranges
                0x000001b8       0x78 menu.o
 .debug_aranges
                0x00000230       0x80 OLED.o
 .debug_aranges
                0x000002b0       0x40 spi.o
 .debug_aranges
                0x000002f0       0x38 sram.o
 .debug_aranges
                0x00000328       0x30 USART.o

.debug_pubnames
 *(.debug_pubnames)

.debug_info     0x00000000     0x1f27
 *(.debug_info .gnu.linkonce.wi.*)
 .debug_info    0x00000000      0x128 ADC.o
 .debug_info    0x00000128      0x2be CAN.o
 .debug_info    0x000003e6      0x410 joystick.o
 .debug_info    0x000007f6      0x576 main.o
 .debug_info    0x00000d6c      0x34e MCP2515.o
 .debug_info    0x000010ba      0x59b menu.o
 .debug_info    0x00001655      0x395 OLED.o
 .debug_info    0x000019ea      0x122 spi.o
 .debug_info    0x00001b0c      0x235 sram.o
 .debug_info    0x00001d41      0x1e6 USART.o

.debug_abbrev   0x00000000      0xc71
 *(.debug_abbrev)
 .debug_abbrev  0x00000000       0xc0 ADC.o
 .debug_abbrev  0x000000c0      0x14f CAN.o
 .debug_abbrev  0x0000020f      0x18a joystick.o
 .debug_abbrev  0x00000399      0x1b5 main.o
 .debug_abbrev  0x0000054e      0x142 MCP2515.o
 .debug_abbrev  0x00000690      0x20c menu.o
 .debug_abbrev  0x0000089c      0x132 OLED.o
 .debug_abbrev  0x000009ce       0xb7 spi.o
 .debug_abbrev  0x00000a85       0xf0 sram.o
 .debug_abbrev  0x00000b75       0xfc USART.o

.debug_line     0x00000000     0x1093
 *(.debug_line .debug_line.* .debug_line_end)
 .debug_line    0x00000000       0xeb ADC.o
 .debug_line    0x000000eb      0x197 CAN.o
 .debug_line    0x00000282      0x21b joystick.o
 .debug_line    0x0000049d      0x257 main.o
 .debug_line    0x000006f4      0x234 MCP2515.o
 .debug_line    0x00000928      0x270 menu.o
 .debug_line    0x00000b98      0x1fa OLED.o
 .debug_line    0x00000d92      0x102 spi.o
 .debug_line    0x00000e94      0x111 sram.o
 .debug_line    0x00000fa5       0xee USART.o

.debug_frame    0x00000000      0xabc
 *(.debug_frame)
 .debug_frame   0x00000000       0x74 ADC.o
 .debug_frame   0x00000074      0x188 CAN.o
 .debug_frame   0x000001fc      0x1d4 joystick.o
 .debug_frame   0x000003d0       0xb4 main.o
 .debug_frame   0x00000484      0x134 MCP2515.o
 .debug_frame   0x000005b8      0x194 menu.o
 .debug_frame   0x0000074c      0x1b4 OLED.o
 .debug_frame   0x00000900       0xb4 spi.o
 .debug_frame   0x000009b4       0x94 sram.o
 .debug_frame   0x00000a48       0x74 USART.o

.debug_str      0x00000000      0xac6
 *(.debug_str)
 .debug_str     0x00000000      0x164 ADC.o
                                0x1a5 (size before relaxing)
 .debug_str     0x00000164      0x119 CAN.o
                                0x28f (size before relaxing)
 .debug_str     0x0000027d      0x1cb joystick.o
                                0x35f (size before relaxing)
 .debug_str     0x00000448      0x194 main.o
                                0x3a1 (size before relaxing)
 .debug_str     0x000005dc       0xd1 MCP2515.o
                                0x294 (size before relaxing)
 .debug_str     0x000006ad      0x1a4 menu.o
                                0x391 (size before relaxing)
 .debug_str     0x00000851      0x126 OLED.o
                                0x29f (size before relaxing)
 .debug_str     0x00000977       0x43 spi.o
                                0x1a2 (size before relaxing)
 .debug_str     0x000009ba       0xb4 sram.o
                                0x22e (size before relaxing)
 .debug_str     0x00000a6e       0x58 USART.o
                                0x1c7 (size before relaxing)

.debug_loc      0x00000000     0x156a
 *(.debug_loc)
 .debug_loc     0x00000000       0xcb ADC.o
 .debug_loc     0x000000cb      0x316 CAN.o
 .debug_loc     0x000003e1      0x3d5 joystick.o
 .debug_loc     0x000007b6      0x164 main.o
 .debug_loc     0x0000091a      0x279 MCP2515.o
 .debug_loc     0x00000b93      0x32b menu.o
 .debug_loc     0x00000ebe      0x381 OLED.o
 .debug_loc     0x0000123f      0x141 spi.o
 .debug_loc     0x00001380      0x112 sram.o
 .debug_loc     0x00001492       0xd8 USART.o

.debug_macinfo
 *(.debug_macinfo)

.debug_weaknames
 *(.debug_weaknames)

.debug_funcnames
 *(.debug_funcnames)

.debug_typenames
 *(.debug_typenames)

.debug_varnames
 *(.debug_varnames)

.debug_pubtypes
 *(.debug_pubtypes)

.debug_ranges   0x00000000      0x2b8
 *(.debug_ranges)
 .debug_ranges  0x00000000       0x20 ADC.o
 .debug_ranges  0x00000020       0x50 CAN.o
 .debug_ranges  0x00000070       0x78 joystick.o
 .debug_ranges  0x000000e8       0x30 main.o
 .debug_ranges  0x00000118       0x50 MCP2515.o
 .debug_ranges  0x00000168       0x68 menu.o
 .debug_ranges  0x000001d0       0x70 OLED.o
 .debug_ranges  0x00000240       0x30 spi.o
 .debug_ranges  0x00000270       0x28 sram.o
 .debug_ranges  0x00000298       0x20 USART.o

.debug_macro
 *(.debug_macro)
OUTPUT(byggern_node_1.elf elf32-avr)
LOAD linker stubs
