Archive member included because of file (symbol)

c:/program files (x86)/atmel/atmel toolchain/avr8 gcc/native/3.4.1061/avr8-gnu-toolchain/bin/../lib/gcc/avr/4.8.1/../../../../avr/lib/avr6\libm.a(addsf3.o)
                              motor_control.o (__addsf3)
c:/program files (x86)/atmel/atmel toolchain/avr8 gcc/native/3.4.1061/avr8-gnu-toolchain/bin/../lib/gcc/avr/4.8.1/../../../../avr/lib/avr6\libm.a(addsf3x.o)
                              c:/program files (x86)/atmel/atmel toolchain/avr8 gcc/native/3.4.1061/avr8-gnu-toolchain/bin/../lib/gcc/avr/4.8.1/../../../../avr/lib/avr6\libm.a(addsf3.o) (__addsf3x)
c:/program files (x86)/atmel/atmel toolchain/avr8 gcc/native/3.4.1061/avr8-gnu-toolchain/bin/../lib/gcc/avr/4.8.1/../../../../avr/lib/avr6\libm.a(fixsfsi.o)
                              main_node2.o (__fixsfsi)
c:/program files (x86)/atmel/atmel toolchain/avr8 gcc/native/3.4.1061/avr8-gnu-toolchain/bin/../lib/gcc/avr/4.8.1/../../../../avr/lib/avr6\libm.a(fixunssfsi.o)
                              main_node2.o (__fixunssfsi)
c:/program files (x86)/atmel/atmel toolchain/avr8 gcc/native/3.4.1061/avr8-gnu-toolchain/bin/../lib/gcc/avr/4.8.1/../../../../avr/lib/avr6\libm.a(floatsisf.o)
                              motor_control.o (__floatsisf)
c:/program files (x86)/atmel/atmel toolchain/avr8 gcc/native/3.4.1061/avr8-gnu-toolchain/bin/../lib/gcc/avr/4.8.1/../../../../avr/lib/avr6\libm.a(fp_inf.o)
                              c:/program files (x86)/atmel/atmel toolchain/avr8 gcc/native/3.4.1061/avr8-gnu-toolchain/bin/../lib/gcc/avr/4.8.1/../../../../avr/lib/avr6\libm.a(addsf3x.o) (__fp_inf)
c:/program files (x86)/atmel/atmel toolchain/avr8 gcc/native/3.4.1061/avr8-gnu-toolchain/bin/../lib/gcc/avr/4.8.1/../../../../avr/lib/avr6\libm.a(fp_nan.o)
                              c:/program files (x86)/atmel/atmel toolchain/avr8 gcc/native/3.4.1061/avr8-gnu-toolchain/bin/../lib/gcc/avr/4.8.1/../../../../avr/lib/avr6\libm.a(addsf3x.o) (__fp_nan)
c:/program files (x86)/atmel/atmel toolchain/avr8 gcc/native/3.4.1061/avr8-gnu-toolchain/bin/../lib/gcc/avr/4.8.1/../../../../avr/lib/avr6\libm.a(fp_pscA.o)
                              c:/program files (x86)/atmel/atmel toolchain/avr8 gcc/native/3.4.1061/avr8-gnu-toolchain/bin/../lib/gcc/avr/4.8.1/../../../../avr/lib/avr6\libm.a(addsf3x.o) (__fp_pscA)
c:/program files (x86)/atmel/atmel toolchain/avr8 gcc/native/3.4.1061/avr8-gnu-toolchain/bin/../lib/gcc/avr/4.8.1/../../../../avr/lib/avr6\libm.a(fp_pscB.o)
                              c:/program files (x86)/atmel/atmel toolchain/avr8 gcc/native/3.4.1061/avr8-gnu-toolchain/bin/../lib/gcc/avr/4.8.1/../../../../avr/lib/avr6\libm.a(addsf3x.o) (__fp_pscB)
c:/program files (x86)/atmel/atmel toolchain/avr8 gcc/native/3.4.1061/avr8-gnu-toolchain/bin/../lib/gcc/avr/4.8.1/../../../../avr/lib/avr6\libm.a(fp_round.o)
                              c:/program files (x86)/atmel/atmel toolchain/avr8 gcc/native/3.4.1061/avr8-gnu-toolchain/bin/../lib/gcc/avr/4.8.1/../../../../avr/lib/avr6\libm.a(addsf3.o) (__fp_round)
c:/program files (x86)/atmel/atmel toolchain/avr8 gcc/native/3.4.1061/avr8-gnu-toolchain/bin/../lib/gcc/avr/4.8.1/../../../../avr/lib/avr6\libm.a(fp_split3.o)
                              c:/program files (x86)/atmel/atmel toolchain/avr8 gcc/native/3.4.1061/avr8-gnu-toolchain/bin/../lib/gcc/avr/4.8.1/../../../../avr/lib/avr6\libm.a(addsf3x.o) (__fp_split3)
c:/program files (x86)/atmel/atmel toolchain/avr8 gcc/native/3.4.1061/avr8-gnu-toolchain/bin/../lib/gcc/avr/4.8.1/../../../../avr/lib/avr6\libm.a(fp_zero.o)
                              c:/program files (x86)/atmel/atmel toolchain/avr8 gcc/native/3.4.1061/avr8-gnu-toolchain/bin/../lib/gcc/avr/4.8.1/../../../../avr/lib/avr6\libm.a(addsf3x.o) (__fp_zero)
c:/program files (x86)/atmel/atmel toolchain/avr8 gcc/native/3.4.1061/avr8-gnu-toolchain/bin/../lib/gcc/avr/4.8.1/../../../../avr/lib/avr6\libm.a(mulsf3.o)
                              motor_control.o (__mulsf3)
c:/program files (x86)/atmel/atmel toolchain/avr8 gcc/native/3.4.1061/avr8-gnu-toolchain/bin/../lib/gcc/avr/4.8.1/../../../../avr/lib/avr6\libm.a(mulsf3x.o)
                              c:/program files (x86)/atmel/atmel toolchain/avr8 gcc/native/3.4.1061/avr8-gnu-toolchain/bin/../lib/gcc/avr/4.8.1/../../../../avr/lib/avr6\libm.a(mulsf3.o) (__mulsf3x)
c:/program files (x86)/atmel/atmel toolchain/avr8 gcc/native/3.4.1061/avr8-gnu-toolchain/bin/../lib/gcc/avr/4.8.1/avr6\libgcc.a(_udivmodhi4.o)
                              pwm.o (__udivmodhi4)
c:/program files (x86)/atmel/atmel toolchain/avr8 gcc/native/3.4.1061/avr8-gnu-toolchain/bin/../lib/gcc/avr/4.8.1/avr6\libgcc.a(_divmodhi4.o)
                              main_node2.o (__divmodhi4)
c:/program files (x86)/atmel/atmel toolchain/avr8 gcc/native/3.4.1061/avr8-gnu-toolchain/bin/../lib/gcc/avr/4.8.1/avr6\libgcc.a(_divmodsi4.o)
                              motor_control.o (__divmodsi4)
[...]
Memory Configuration

Name             Origin             Length             Attributes
text             0x00000000         0x00100000         xr
data             0x00800200         0x0000fe00         rw !x
eeprom           0x00810000         0x00010000         rw !x
fuse             0x00820000         0x00000400         rw !x
lock             0x00830000         0x00000400         rw !x
signature        0x00840000         0x00000400         rw !x
user_signatures  0x00850000         0x00000400         rw !x
*default*        0x00000000         0xffffffff

Linker script and memory map

Address of section .data set to 0x800200
LOAD c:/program files (x86)/atmel/atmel toolchain/avr8 gcc/native/3.4.1061/avr8-gnu-toolchain/bin/../lib/gcc/avr/4.8.1/../../../../avr/lib/avr6/crtm2560.o
LOAD ADC.o
LOAD CAN.o
LOAD DAC_driver.o
LOAD main_node2.o
LOAD MCP2515.o
LOAD motor_control.o
LOAD pwm.o
LOAD solenoid.o
LOAD spi.o
LOAD TWI_Master.o
LOAD USART.o
START GROUP
LOAD c:/program files (x86)/atmel/atmel toolchain/avr8 gcc/native/3.4.1061/avr8-gnu-toolchain/bin/../lib/gcc/avr/4.8.1/../../../../avr/lib/avr6\libm.a
END GROUP
START GROUP
LOAD c:/program files (x86)/atmel/atmel toolchain/avr8 gcc/native/3.4.1061/avr8-gnu-toolchain/bin/../lib/gcc/avr/4.8.1/avr6\libgcc.a
LOAD c:/program files (x86)/atmel/atmel toolchain/avr8 gcc/native/3.4.1061/avr8-gnu-toolchain/bin/../lib/gcc/avr/4.8.1/../../../../avr/lib/avr6\libm.a
LOAD c:/program files (x86)/atmel/atmel toolchain/avr8 gcc/native/3.4.1061/avr8-gnu-toolchain/bin/../lib/gcc/avr/4.8.1/../../../../avr/lib/avr6\libc.a
END GROUP

.hash
 *(.hash)

.dynsym
 *(.dynsym)

.dynstr
 *(.dynstr)

.gnu.version
 *(.gnu.version)

.gnu.version_d
 *(.gnu.version_d)

.gnu.version_r
 *(.gnu.version_r)

.rel.init
 *(.rel.init)

.rela.init
 *(.rela.init)

.rel.text
 *(.rel.text)
 *(.rel.text.*)
 *(.rel.gnu.linkonce.t*)

.rela.text
 *(.rela.text)
 *(.rela.text.*)
 *(.rela.gnu.linkonce.t*)

.rel.fini
 *(.rel.fini)

.rela.fini
 *(.rela.fini)

.rel.rodata
 *(.rel.rodata)
 *(.rel.rodata.*)
 *(.rel.gnu.linkonce.r*)

.rela.rodata
 *(.rela.rodata)
 *(.rela.rodata.*)
 *(.rela.gnu.linkonce.r*)

.rel.data
 *(.rel.data)
 *(.rel.data.*)
 *(.rel.gnu.linkonce.d*)

.rela.data
 *(.rela.data)
 *(.rela.data.*)
 *(.rela.gnu.linkonce.d*)

.rel.ctors
 *(.rel.ctors)

.rela.ctors
 *(.rela.ctors)

.rel.dtors
 *(.rel.dtors)

.rela.dtors
 *(.rela.dtors)

.rel.got
 *(.rel.got)

.rela.got
 *(.rela.got)

.rel.bss
 *(.rel.bss)

.rela.bss
 *(.rela.bss)

.rel.plt
 *(.rel.plt)

.rela.plt
 *(.rela.plt)

.text           0x00000000     0x27c6
 *(.vectors)
 .vectors       0x00000000       0xe4 c:/program files (x86)/atmel/atmel toolchain/avr8 gcc/native/3.4.1061/avr8-gnu-toolchain/bin/../lib/gcc/avr/4.8.1/../../../../avr/lib/avr6/crtm2560.o
                0x00000000                __vector_default
                0x00000000                __vectors
 *(.vectors)
 *(.progmem.gcc*)
 .progmem.gcc_sw_table.__vector_39
                0x000000e4       0xa2 TWI_Master.o
                0x00000186                . = ALIGN (0x2)
                0x00000186                __trampolines_start = .
 *(.trampolines)
 .trampolines   0x00000186        0x0 linker stubs
 *(.trampolines*)
                0x00000186                __trampolines_end = .
 *(.progmem*)
 .progmem.data  0x00000186        0xc c:/program files (x86)/atmel/atmel toolchain/avr8 gcc/native/3.4.1061/avr8-gnu-toolchain/bin/../lib/gcc/avr/4.8.1/../../../../avr/lib/avr6\libc.a(vfscanf_std.o)
 .progmem.data  0x00000192       0x3b c:/program files (x86)/atmel/atmel toolchain/avr8 gcc/native/3.4.1061/avr8-gnu-toolchain/bin/../lib/gcc/avr/4.8.1/../../../../avr/lib/avr6\libc.a(strtod.o)
                0x000001ce                . = ALIGN (0x2)
 *fill*         0x000001cd        0x1 
 *(.jumptables)
 *(.jumptables*)
 *(.lowtext)
 *(.lowtext*)
                0x000001ce                __ctors_start = .
 *(.ctors)
                0x000001ce                __ctors_end = .
                0x000001ce                __dtors_start = .
 *(.dtors)
                0x000001ce                __dtors_end = .
 SORT(*)(.ctors)
 SORT(*)(.dtors)
 *(.init0)
 .init0         0x000001ce        0x0 c:/program files (x86)/atmel/atmel toolchain/avr8 gcc/native/3.4.1061/avr8-gnu-toolchain/bin/../lib/gcc/avr/4.8.1/../../../../avr/lib/avr6/crtm2560.o
                0x000001ce                __init
 *(.init0)
 *(.init1)
 *(.init1)
 *(.init2)
 .init2         0x000001ce       0x10 c:/program files (x86)/atmel/atmel toolchain/avr8 gcc/native/3.4.1061/avr8-gnu-toolchain/bin/../lib/gcc/avr/4.8.1/../../../../avr/lib/avr6/crtm2560.o
 *(.init2)
 *(.init3)
 *(.init3)
 *(.init4)
 .init4         0x000001de       0x1a c:/program files (x86)/atmel/atmel toolchain/avr8 gcc/native/3.4.1061/avr8-gnu-toolchain/bin/../lib/gcc/avr/4.8.1/avr6\libgcc.a(_copy_data.o)
                0x000001de                __do_copy_data
 .init4         0x000001f8       0x10 c:/program files (x86)/atmel/atmel toolchain/avr8 gcc/native/3.4.1061/avr8-gnu-toolchain/bin/../lib/gcc/avr/4.8.1/avr6\libgcc.a(_clear_bss.o)
                0x000001f8                __do_clear_bss
 *(.init4)
 *(.init5)
 *(.init5)
 *(.init6)
 *(.init6)
 *(.init7)
 *(.init7)
 *(.init8)
 *(.init8)
 *(.init9)
 .init9         0x00000208        0x6 c:/program files (x86)/atmel/atmel toolchain/avr8 gcc/native/3.4.1061/avr8-gnu-toolchain/bin/../lib/gcc/avr/4.8.1/../../../../avr/lib/avr6/crtm2560.o
 *(.init9)
 *(.text)
 .text          0x0000020e        0x2 c:/program files (x86)/atmel/atmel toolchain/avr8 gcc/native/3.4.1061/avr8-gnu-toolchain/bin/../lib/gcc/avr/4.8.1/../../../../avr/lib/avr6/crtm2560.o
                0x0000020e                __vector_38
                0x0000020e                __vector_22
                0x0000020e                __vector_28
                0x0000020e                __vector_1
                0x0000020e                __vector_32
                0x0000020e                __vector_34
                0x0000020e                __vector_24
                0x0000020e                __vector_12
                0x0000020e                __vector_55
                0x0000020e                __vector_46
                0x0000020e                __bad_interrupt
                0x0000020e                __vector_6
                0x0000020e                __vector_31
                0x0000020e                __vector_35
                0x0000020e                __vector_3
                0x0000020e                __vector_23
                0x0000020e                __vector_30
                0x0000020e                __vector_45
                0x0000020e                __vector_25
                0x0000020e                __vector_11
                0x0000020e                __vector_54
                0x0000020e                __vector_13
                0x0000020e                __vector_19
                0x0000020e                __vector_56
                0x0000020e                __vector_7
                0x0000020e                __vector_49
                0x0000020e                __vector_41
                0x0000020e                __vector_43
                0x0000020e                __vector_27
                0x0000020e                __vector_5
                0x0000020e                __vector_33
                0x0000020e                __vector_47
                0x0000020e                __vector_52
                0x0000020e                __vector_37
                0x0000020e                __vector_4
                0x0000020e                __vector_44
                0x0000020e                __vector_51
                0x0000020e                __vector_9
                0x0000020e                __vector_2
                0x0000020e                __vector_21
                0x0000020e                __vector_15
                0x0000020e                __vector_36
                0x0000020e                __vector_29
                0x0000020e                __vector_40
                0x0000020e                __vector_8
                0x0000020e                __vector_26
                0x0000020e                __vector_48
                0x0000020e                __vector_14
                0x0000020e                __vector_53
                0x0000020e                __vector_10
                0x0000020e                __vector_50
                0x0000020e                __vector_16
                0x0000020e                __vector_18
                0x0000020e                __vector_20
                0x0000020e                __vector_42
                0x00000210                . = ALIGN (0x2)
 *(.text.*)
 .text.setup_ADC
                0x00000210       0x30 ADC.o
                0x00000210                setup_ADC
 .text.start_ADC
                0x00000240       0x12 ADC.o
                0x00000240                start_ADC
 .text.get_ADC_value
                0x00000252        0x6 ADC.o
                0x00000252                get_ADC_value
 .text.can_init
                0x00000258       0x16 CAN.o
                0x00000258                can_init
 .text.CAN_enable_normal_mode
                0x0000026e        0x4 CAN.o
                0x0000026e                CAN_enable_normal_mode
 .text.can_receive_message
                0x00000272       0x98 CAN.o
                0x00000272                can_receive_message
 .text.can_error
                0x0000030a       0x42 CAN.o
                0x0000030a                can_error
 .text.can_transmit_complete
                0x0000034c       0x3a CAN.o
                0x0000034c                can_transmit_complete
 .text.can_send_message
                0x00000386       0x64 CAN.o
                0x00000386                can_send_message
 .text.setup_DAC
                0x000003ea        0xc DAC_driver.o
                0x000003ea                setup_DAC
 .text.send_DAC_data
                0x000003f6       0x46 DAC_driver.o
                0x000003f6                send_DAC_data
 .text.init     0x0000043c       0x5e main_node2.o
                0x0000043c                init
 .text.score_keeper
                0x0000049a       0x2c main_node2.o
                0x0000049a                score_keeper
 .text.read_ps4_controller
                0x000004c6       0xa0 main_node2.o
                0x000004c6                read_ps4_controller
 .text.mapped_ps4_pos
                0x00000566       0x28 main_node2.o
                0x00000566                mapped_ps4_pos
 .text.main     0x0000058e      0x222 main_node2.o
                0x0000058e                main
 .text.mcp_2515_read
                0x000007b0       0x1a MCP2515.o
                0x000007b0                mcp_2515_read
 .text.mcp_2515_write
                0x000007ca       0x1e MCP2515.o
                0x000007ca                mcp_2515_write
 .text.mcp_2515_request_to_send
                0x000007e8       0x10 MCP2515.o
                0x000007e8                mcp_2515_request_to_send
 .text.mcp_2515_bit_modify
                0x000007f8       0x28 MCP2515.o
                0x000007f8                mcp_2515_bit_modify
 .text.mcp_2515_enable_normal_operation
                0x00000820       0x32 MCP2515.o
                0x00000820                mcp_2515_enable_normal_operation
 .text.mcp_2515_reset
                0x00000852        0xa MCP2515.o
                0x00000852                mcp_2515_reset
 .text.mcp_2515_init
                0x0000085c       0x4e MCP2515.o
                0x0000085c                mcp_2515_init
 .text.motor_control_init_clock
                0x000008aa       0x2c motor_control.o
                0x000008aa                motor_control_init_clock
 .text.set_motor_direction
                0x000008d6       0x20 motor_control.o
                0x000008d6                set_motor_direction
 .text.enable_motor
                0x000008f6       0x28 motor_control.o
                0x000008f6                enable_motor
 .text.motor_control_set_reference_pos
                0x0000091e       0x12 motor_control.o
                0x0000091e                motor_control_set_reference_pos
 .text.enable_encoder
                0x00000930       0x1c motor_control.o
                0x00000930                enable_encoder
 .text.read_encoder
                0x0000094c       0x40 motor_control.o
                0x0000094c                read_encoder
 .text.encoder_reset
                0x0000098c       0x1a motor_control.o
                0x0000098c                encoder_reset
 .text.motor_control_set_playing_flag
                0x000009a6       0x38 motor_control.o
                0x000009a6                motor_control_set_playing_flag
 .text.saturate
                0x000009de       0x18 motor_control.o
                0x000009de                saturate
 .text.motor_control_set_velocity
                0x000009f6       0x3a motor_control.o
                0x000009f6                motor_control_set_velocity
 .text.motor_control_set_pid_gains
                0x00000a30       0x42 motor_control.o
                0x00000a30                motor_control_set_pid_gains
 .text.__vector_17
                0x00000a72      0x1ca motor_control.o
                0x00000a72                __vector_17
 .text.find_encoder_max
                0x00000c3c       0xca motor_control.o
                0x00000c3c                find_encoder_max
 .text.motor_control_init
                0x00000d06       0x82 motor_control.o
                0x00000d06                motor_control_init
 .text.pwm_init
                0x00000d88       0x8a pwm.o
                0x00000d88                pwm_init
 .text.pwm_set_angle
                0x00000e12       0xce pwm.o
                0x00000e12                pwm_set_angle
 .text.solenoid_shoot
                0x00000ee0       0x1e solenoid.o
                0x00000ee0                solenoid_shoot
 .text.setup_solenoid
                0x00000efe        0xe solenoid.o
                0x00000efe                setup_solenoid
 .text.spi_init
                0x00000f0c       0x12 spi.o
                0x00000f0c                spi_init
 .text.spi_send
                0x00000f1e        0xa spi.o
                0x00000f1e                spi_send
 .text.spi_read
                0x00000f28        0xc spi.o
                0x00000f28                spi_read
 .text.spi_enable
                0x00000f34        0x6 spi.o
                0x00000f34                spi_enable
 .text.spi_disable
                0x00000f3a        0x6 spi.o
                0x00000f3a                spi_disable
 .text.TWI_Master_Initialise
                0x00000f40       0x14 TWI_Master.o
                0x00000f40                TWI_Master_Initialise
 .text.TWI_Start_Transceiver_With_Data
                0x00000f54       0x44 TWI_Master.o
                0x00000f54                TWI_Start_Transceiver_With_Data
 .text.__vector_39
                0x00000f98      0x106 TWI_Master.o
                0x00000f98                __vector_39
 .text.USART_Transmit
                0x0000109e       0x14 USART.o
                0x0000109e                USART_Transmit
 .text.USART_Recieve
                0x000010b2       0x12 USART.o
                0x000010b2                USART_Recieve
 .text.USART_Init
                0x000010c4       0x28 USART.o
                0x000010c4                USART_Init
 .text.avr-libc.fplib
                0x000010ec        0xa c:/program files (x86)/atmel/atmel toolchain/avr8 gcc/native/3.4.1061/avr8-gnu-toolchain/bin/../lib/gcc/avr/4.8.1/../../../../avr/lib/avr6\libm.a(addsf3.o)
                0x000010ec                __subsf3
                0x000010ee                __addsf3
 .text.avr-libc.fplib
                0x000010f6       0xc0 c:/program files (x86)/atmel/atmel toolchain/avr8 gcc/native/3.4.1061/avr8-gnu-toolchain/bin/../lib/gcc/avr/4.8.1/../../../../avr/lib/avr6\libm.a(addsf3x.o)
                0x00001110                __addsf3x
 .text.avr-libc.fplib
                0x000011b6        0xa c:/program files (x86)/atmel/atmel toolchain/avr8 gcc/native/3.4.1061/avr8-gnu-toolchain/bin/../lib/gcc/avr/4.8.1/../../../../avr/lib/avr6\libm.a(fixsfsi.o)
                0x000011b6                __fixsfsi
 .text.avr-libc.fplib
                0x000011c0       0x58 c:/program files (x86)/atmel/atmel toolchain/avr8 gcc/native/3.4.1061/avr8-gnu-toolchain/bin/../lib/gcc/avr/4.8.1/../../../../avr/lib/avr6\libm.a(fixunssfsi.o)
                0x000011c0                __fixunssfsi
 .text.avr-libc.fplib
                0x00001218       0x7a c:/program files (x86)/atmel/atmel toolchain/avr8 gcc/native/3.4.1061/avr8-gnu-toolchain/bin/../lib/gcc/avr/4.8.1/../../../../avr/lib/avr6\libm.a(floatsisf.o)
                0x00001218                __floatunsisf
                0x0000121c                __floatsisf
 .text.avr-libc.fplib
                0x00001292        0xc c:/program files (x86)/atmel/atmel toolchain/avr8 gcc/native/3.4.1061/avr8-gnu-toolchain/bin/../lib/gcc/avr/4.8.1/../../../../avr/lib/avr6\libm.a(fp_inf.o)
                0x00001292                __fp_inf
 .text.avr-libc.fplib
                0x0000129e        0x6 c:/program files (x86)/atmel/atmel toolchain/avr8 gcc/native/3.4.1061/avr8-gnu-toolchain/bin/../lib/gcc/avr/4.8.1/../../../../avr/lib/avr6\libm.a(fp_nan.o)
                0x0000129e                __fp_nan
 .text.avr-libc.fplib
                0x000012a4        0xe c:/program files (x86)/atmel/atmel toolchain/avr8 gcc/native/3.4.1061/avr8-gnu-toolchain/bin/../lib/gcc/avr/4.8.1/../../../../avr/lib/avr6\libm.a(fp_pscA.o)
                0x000012a4                __fp_pscA
 .text.avr-libc.fplib
                0x000012b2        0xe c:/program files (x86)/atmel/atmel toolchain/avr8 gcc/native/3.4.1061/avr8-gnu-toolchain/bin/../lib/gcc/avr/4.8.1/../../../../avr/lib/avr6\libm.a(fp_pscB.o)
                0x000012b2                __fp_pscB
 .text.avr-libc.fplib
                0x000012c0       0x22 c:/program files (x86)/atmel/atmel toolchain/avr8 gcc/native/3.4.1061/avr8-gnu-toolchain/bin/../lib/gcc/avr/4.8.1/../../../../avr/lib/avr6\libm.a(fp_round.o)
                0x000012c0                __fp_round
 .text.avr-libc.fplib
                0x000012e2       0x44 c:/program files (x86)/atmel/atmel toolchain/avr8 gcc/native/3.4.1061/avr8-gnu-toolchain/bin/../lib/gcc/avr/4.8.1/../../../../avr/lib/avr6\libm.a(fp_split3.o)
                0x000012e2                __fp_split3
                0x000012f2                __fp_splitA
 .text.avr-libc.fplib
                0x00001326        0xe c:/program files (x86)/atmel/atmel toolchain/avr8 gcc/native/3.4.1061/avr8-gnu-toolchain/bin/../lib/gcc/avr/4.8.1/../../../../avr/lib/avr6\libm.a(fp_zero.o)
                0x00001326                __fp_zero
                0x00001328                __fp_szero
 .text.avr-libc.fplib
                0x00001334        0x4 c:/program files (x86)/atmel/atmel toolchain/avr8 gcc/native/3.4.1061/avr8-gnu-toolchain/bin/../lib/gcc/avr/4.8.1/../../../../avr/lib/avr6\libm.a(mulsf3.o)
                0x00001334                __mulsf3
 .text.avr-libc.fplib
                0x00001338       0xc2 c:/program files (x86)/atmel/atmel toolchain/avr8 gcc/native/3.4.1061/avr8-gnu-toolchain/bin/../lib/gcc/avr/4.8.1/../../../../avr/lib/avr6\libm.a(mulsf3x.o)
                0x0000134c                __mulsf3x
                0x00001350                __mulsf3_pse
 .text.libgcc.div
                0x000013fa       0x28 c:/program files (x86)/atmel/atmel toolchain/avr8 gcc/native/3.4.1061/avr8-gnu-toolchain/bin/../lib/gcc/avr/4.8.1/avr6\libgcc.a(_udivmodhi4.o)
                0x000013fa                __udivmodhi4
 .text.libgcc.div
                0x00001422       0x26 c:/program files (x86)/atmel/atmel toolchain/avr8 gcc/native/3.4.1061/avr8-gnu-toolchain/bin/../lib/gcc/avr/4.8.1/avr6\libgcc.a(_divmodhi4.o)
                0x00001422                _div
                0x00001422                __divmodhi4
 .text.libgcc.div
                0x00001448       0x28 c:/program files (x86)/atmel/atmel toolchain/avr8 gcc/native/3.4.1061/avr8-gnu-toolchain/bin/../lib/gcc/avr/4.8.1/avr6\libgcc.a(_divmodsi4.o)
                0x00001448                __divmodsi4
 .text.libgcc.div
                0x00001470       0x10 c:/program files (x86)/atmel/atmel toolchain/avr8 gcc/native/3.4.1061/avr8-gnu-toolchain/bin/../lib/gcc/avr/4.8.1/avr6\libgcc.a(_negsi2.o)
                0x00001470                __negsi2
 .text.libgcc   0x00001480        0xc c:/program files (x86)/atmel/atmel toolchain/avr8 gcc/native/3.4.1061/avr8-gnu-toolchain/bin/../lib/gcc/avr/4.8.1/avr6\libgcc.a(_tablejump.o)
                0x00001480                __tablejump2__
                0x00001484                __tablejump__
 .text.libgcc.mul
                0x0000148c       0x14 c:/program files (x86)/atmel/atmel toolchain/avr8 gcc/native/3.4.1061/avr8-gnu-toolchain/bin/../lib/gcc/avr/4.8.1/avr6\libgcc.a(_muluhisi3.o)
                0x0000148c                __muluhisi3
 .text.libgcc.div
                0x000014a0       0x44 c:/program files (x86)/atmel/atmel toolchain/avr8 gcc/native/3.4.1061/avr8-gnu-toolchain/bin/../lib/gcc/avr/4.8.1/avr6\libgcc.a(_udivmodsi4.o)
                0x000014a0                __udivmodsi4
 .text.libgcc.mul
                0x000014e4       0x1e c:/program files (x86)/atmel/atmel toolchain/avr8 gcc/native/3.4.1061/avr8-gnu-toolchain/bin/../lib/gcc/avr/4.8.1/avr6\libgcc.a(_umulhisi3.o)
                0x000014e4                __umulhisi3
 .text.avr-libc
                0x00001502      0x24e c:/program files (x86)/atmel/atmel toolchain/avr8 gcc/native/3.4.1061/avr8-gnu-toolchain/bin/../lib/gcc/avr/4.8.1/../../../../avr/lib/avr6\libc.a(malloc.o)
                0x00001502                malloc
                0x00001632                free
 .text.avr-libc
                0x00001750        0x6 c:/program files (x86)/atmel/atmel toolchain/avr8 gcc/native/3.4.1061/avr8-gnu-toolchain/bin/../lib/gcc/avr/4.8.1/../../../../avr/lib/avr6\libc.a(atof.o)
                0x00001750                atof
 .text.avr-libc
                0x00001756       0x30 c:/program files (x86)/atmel/atmel toolchain/avr8 gcc/native/3.4.1061/avr8-gnu-toolchain/bin/../lib/gcc/avr/4.8.1/../../../../avr/lib/avr6\libc.a(strsep.o)
                0x00001756                strsep
 .text.avr-libc
                0x00001786       0x94 c:/program files (x86)/atmel/atmel toolchain/avr8 gcc/native/3.4.1061/avr8-gnu-toolchain/bin/../lib/gcc/avr/4.8.1/../../../../avr/lib/avr6\libc.a(fdevopen.o)
                0x00001786                fdevopen
 .text.avr-libc
                0x0000181a       0x22 c:/program files (x86)/atmel/atmel toolchain/avr8 gcc/native/3.4.1061/avr8-gnu-toolchain/bin/../lib/gcc/avr/4.8.1/../../../../avr/lib/avr6\libc.a(printf.o)
                0x0000181a                printf
 .text.avr-libc
                0x0000183c       0x5a c:/program files (x86)/atmel/atmel toolchain/avr8 gcc/native/3.4.1061/avr8-gnu-toolchain/bin/../lib/gcc/avr/4.8.1/../../../../avr/lib/avr6\libc.a(puts.o)
                0x0000183c                puts
 .text.avr-libc
                0x00001896       0x22 c:/program files (x86)/atmel/atmel toolchain/avr8 gcc/native/3.4.1061/avr8-gnu-toolchain/bin/../lib/gcc/avr/4.8.1/../../../../avr/lib/avr6\libc.a(scanf.o)
                0x00001896                scanf
 .text.avr-libc
                0x000018b8      0x3dc c:/program files (x86)/atmel/atmel toolchain/avr8 gcc/native/3.4.1061/avr8-gnu-toolchain/bin/../lib/gcc/avr/4.8.1/../../../../avr/lib/avr6\libc.a(vfprintf_std.o)
                0x000018b8                vfprintf
 .text.avr-libc
                0x00001c94      0x572 c:/program files (x86)/atmel/atmel toolchain/avr8 gcc/native/3.4.1061/avr8-gnu-toolchain/bin/../lib/gcc/avr/4.8.1/../../../../avr/lib/avr6\libc.a(vfscanf_std.o)
                0x00001fb4                vfscanf
 .text.avr-libc
                0x00002206       0x34 c:/program files (x86)/atmel/atmel toolchain/avr8 gcc/native/3.4.1061/avr8-gnu-toolchain/bin/../lib/gcc/avr/4.8.1/../../../../avr/lib/avr6\libc.a(calloc.o)
                0x00002206                calloc
 .text.avr-libc
                0x0000223a      0x2d4 c:/program files (x86)/atmel/atmel toolchain/avr8 gcc/native/3.4.1061/avr8-gnu-toolchain/bin/../lib/gcc/avr/4.8.1/../../../../avr/lib/avr6\libc.a(strtod.o)
                0x0000223a                strtod
 .text.avr-libc
                0x0000250e       0x10 c:/program files (x86)/atmel/atmel toolchain/avr8 gcc/native/3.4.1061/avr8-gnu-toolchain/bin/../lib/gcc/avr/4.8.1/../../../../avr/lib/avr6\libc.a(isspace.o)
                0x0000250e                isspace
 .text.avr-libc
                0x0000251e       0x16 c:/program files (x86)/atmel/atmel toolchain/avr8 gcc/native/3.4.1061/avr8-gnu-toolchain/bin/../lib/gcc/avr/4.8.1/../../../../avr/lib/avr6\libc.a(strchr_P.o)
                0x0000251e                strchr_P
 .text.avr-libc
                0x00002534       0x30 c:/program files (x86)/atmel/atmel toolchain/avr8 gcc/native/3.4.1061/avr8-gnu-toolchain/bin/../lib/gcc/avr/4.8.1/../../../../avr/lib/avr6\libc.a(strncasecmp_P.o)
                0x00002534                strncasecmp_P
 .text.avr-libc
                0x00002564       0x16 c:/program files (x86)/atmel/atmel toolchain/avr8 gcc/native/3.4.1061/avr8-gnu-toolchain/bin/../lib/gcc/avr/4.8.1/../../../../avr/lib/avr6\libc.a(strnlen_P.o)
                0x00002564                strnlen_P
 .text.avr-libc
                0x0000257a        0xe c:/program files (x86)/atmel/atmel toolchain/avr8 gcc/native/3.4.1061/avr8-gnu-toolchain/bin/../lib/gcc/avr/4.8.1/../../../../avr/lib/avr6\libc.a(memset.o)
                0x0000257a                memset
 .text.avr-libc
                0x00002588       0x16 c:/program files (x86)/atmel/atmel toolchain/avr8 gcc/native/3.4.1061/avr8-gnu-toolchain/bin/../lib/gcc/avr/4.8.1/../../../../avr/lib/avr6\libc.a(strnlen.o)
                0x00002588                strnlen
 .text.avr-libc
                0x0000259e       0x7c c:/program files (x86)/atmel/atmel toolchain/avr8 gcc/native/3.4.1061/avr8-gnu-toolchain/bin/../lib/gcc/avr/4.8.1/../../../../avr/lib/avr6\libc.a(fgetc.o)
                0x0000259e                fgetc
 .text.avr-libc
                0x0000261a       0x64 c:/program files (x86)/atmel/atmel toolchain/avr8 gcc/native/3.4.1061/avr8-gnu-toolchain/bin/../lib/gcc/avr/4.8.1/../../../../avr/lib/avr6\libc.a(fputc.o)
                0x0000261a                fputc
 .text.avr-libc
                0x0000267e       0x32 c:/program files (x86)/atmel/atmel toolchain/avr8 gcc/native/3.4.1061/avr8-gnu-toolchain/bin/../lib/gcc/avr/4.8.1/../../../../avr/lib/avr6\libc.a(ungetc.o)
                0x0000267e                ungetc
 .text.avr-libc
                0x000026b0       0xbc c:/program files (x86)/atmel/atmel toolchain/avr8 gcc/native/3.4.1061/avr8-gnu-toolchain/bin/../lib/gcc/avr/4.8.1/../../../../avr/lib/avr6\libc.a(ultoa_invert.o)
                0x000026b0                __ultoa_invert
 .text.avr-libc.fplib
                0x0000276c        0x8 c:/program files (x86)/atmel/atmel toolchain/avr8 gcc/native/3.4.1061/avr8-gnu-toolchain/bin/../lib/gcc/avr/4.8.1/../../../../avr/lib/avr6\libc.a(cmpsf2.o)
                0x0000276c                __nesf2
                0x0000276c                __eqsf2
                0x0000276c                __cmpsf2
                0x0000276c                __ltsf2
                0x0000276c                __lesf2
 .text.avr-libc.fplib
                0x00002774       0x48 c:/program files (x86)/atmel/atmel toolchain/avr8 gcc/native/3.4.1061/avr8-gnu-toolchain/bin/../lib/gcc/avr/4.8.1/../../../../avr/lib/avr6\libc.a(fp_cmp.o)
                0x00002774                __fp_cmp
 .text.avr-libc
                0x000027bc        0x6 c:/program files (x86)/atmel/atmel toolchain/avr8 gcc/native/3.4.1061/avr8-gnu-toolchain/bin/../lib/gcc/avr/4.8.1/../../../../avr/lib/avr6\libc.a(cty_isfalse.o)
                0x000027bc                __ctype_isfalse
                0x000027c0                __ctype_istrue
                0x000027c2                . = ALIGN (0x2)
 *(.fini9)
 .fini9         0x000027c2        0x0 c:/program files (x86)/atmel/atmel toolchain/avr8 gcc/native/3.4.1061/avr8-gnu-toolchain/bin/../lib/gcc/avr/4.8.1/avr6\libgcc.a(_exit.o)
                0x000027c2                _exit
                0x000027c2                exit
 *(.fini9)
 *(.fini8)
 *(.fini8)
 *(.fini7)
 *(.fini7)
 *(.fini6)
 *(.fini6)
 *(.fini5)
 *(.fini5)
 *(.fini4)
 *(.fini4)
 *(.fini3)
 *(.fini3)
 *(.fini2)
 *(.fini2)
 *(.fini1)
 *(.fini1)
 *(.fini0)
 .fini0         0x000027c2        0x4 c:/program files (x86)/atmel/atmel toolchain/avr8 gcc/native/3.4.1061/avr8-gnu-toolchain/bin/../lib/gcc/avr/4.8.1/avr6\libgcc.a(_exit.o)
 *(.fini0)
                0x000027c6                _etext = .

.data           0x00800200      0x1c0 load address 0x000027c6
                0x00800200                PROVIDE (__data_start, .)
 *(.data)
 .data          0x00800200        0x6 c:/program files (x86)/atmel/atmel toolchain/avr8 gcc/native/3.4.1061/avr8-gnu-toolchain/bin/../lib/gcc/avr/4.8.1/../../../../avr/lib/avr6\libc.a(malloc.o)
                0x00800200                __malloc_heap_end
                0x00800202                __malloc_heap_start
                0x00800204                __malloc_margin
 *(.data*)
 .data.allowed_tries
                0x00800206        0x1 CAN.o
                0x00800206                allowed_tries
 .data.integrator_max
                0x00800207        0x2 motor_control.o
                0x00800207                integrator_max
 .data.TWI_state
                0x00800209        0x1 TWI_Master.o
 *(.rodata)
 *(.rodata*)
 .rodata.str1.1
                0x0080020a       0x6c CAN.o
 .rodata.str1.1
                0x00800276       0x20 main_node2.o
 .rodata.str1.1
                0x00800296       0x99 MCP2515.o
 .rodata.str1.1
                0x0080032f       0x91 motor_control.o
 *(.gnu.linkonce.d*)
                0x008003c0                . = ALIGN (0x2)
                0x008003c0                _edata = .
                0x008003c0                PROVIDE (__data_end, .)

.bss            0x008003c0       0x68
                0x008003c0                PROVIDE (__bss_start, .)
 *(.bss)
 *(.bss*)
 .bss.message_received
                0x008003c0        0x1 CAN.o
                0x008003c0                message_received
 .bss.message_sent
                0x008003c1        0x1 main_node2.o
                0x008003c1                message_sent
 .bss.paused    0x008003c2        0x1 main_node2.o
                0x008003c2                paused
 .bss.score     0x008003c3        0x1 main_node2.o
                0x008003c3                score
 .bss.playing_flag
                0x008003c4        0x2 motor_control.o
 .bss.timer_flag
                0x008003c6        0x2 motor_control.o
 .bss.TWI_bufPtr.1535
                0x008003c8        0x1 TWI_Master.o
 .bss.TWI_statusReg
                0x008003c9        0x1 TWI_Master.o
                0x008003c9                TWI_statusReg
 .bss.TWI_msgSize
                0x008003ca        0x1 TWI_Master.o
 .bss.TWI_buf   0x008003cb        0x4 TWI_Master.o
 *(COMMON)
 COMMON         0x008003cf        0x1 CAN.o
                0x008003cf                number_of_tries
 COMMON         0x008003d0       0x1f main_node2.o
                0x008003d0                send
                0x008003db                ps4_values
 COMMON         0x008003ef       0x1b motor_control.o
                0x008003ef                encoder_max
                0x008003f1                kd
                0x008003f5                encoder_value
                0x008003f7                LSB
                0x008003f8                error_sum
                0x008003fc                MSB
                0x008003fd                clock_seconds
                0x008003ff                reference_value
                0x00800401                ki
                0x00800405                counter
                0x00800406                kp
 COMMON         0x0080040a       0x10 pwm.o
                0x0080040a                input_slider_start
                0x0080040b                input_joystick_end
                0x0080040d                input_slider_end
                0x0080040e                input_joystick_range
                0x0080040f                input_joystick_start
                0x00800411                input_range
                0x00800413                input_slider_range
                0x00800414                output_start
                0x00800416                output_range
                0x00800418                output_end
 COMMON         0x0080041a        0x2 USART.o
                0x0080041a                uart
 COMMON         0x0080041c        0x4 c:/program files (x86)/atmel/atmel toolchain/avr8 gcc/native/3.4.1061/avr8-gnu-toolchain/bin/../lib/gcc/avr/4.8.1/../../../../avr/lib/avr6\libc.a(malloc.o)
                0x0080041c                __brkval
                0x0080041e                __flp
 COMMON         0x00800420        0x6 c:/program files (x86)/atmel/atmel toolchain/avr8 gcc/native/3.4.1061/avr8-gnu-toolchain/bin/../lib/gcc/avr/4.8.1/../../../../avr/lib/avr6\libc.a(iob.o)
                0x00800420                __iob
 COMMON         0x00800426        0x2 c:/program files (x86)/atmel/atmel toolchain/avr8 gcc/native/3.4.1061/avr8-gnu-toolchain/bin/../lib/gcc/avr/4.8.1/../../../../avr/lib/avr6\libc.a(errno.o)
                0x00800426                errno
                0x00800428                PROVIDE (__bss_end, .)
                0x000027c6                __data_load_start = LOADADDR (.data)
                0x00002986                __data_load_end = (__data_load_start + SIZEOF (.data))

.noinit         0x00800428        0x0
                0x00800428                PROVIDE (__noinit_start, .)
 *(.noinit*)
                0x00800428                PROVIDE (__noinit_end, .)
                0x00800428                _end = .
                0x00800428                PROVIDE (__heap_start, .)

.eeprom         0x00810000        0x0
 *(.eeprom*)
                0x00810000                __eeprom_end = .

.fuse
 *(.fuse)
 *(.lfuse)
 *(.hfuse)
 *(.efuse)

.lock
 *(.lock*)

.signature
 *(.signature*)

.user_signatures
 *(.user_signatures*)

.stab
 *(.stab)

.stabstr
 *(.stabstr)

.stab.excl
 *(.stab.excl)

.stab.exclstr
 *(.stab.exclstr)

.stab.index
 *(.stab.index)

.stab.indexstr
 *(.stab.indexstr)

.comment        0x00000000       0x5c
 *(.comment)
 .comment       0x00000000       0x30 ADC.o
                                 0x31 (size before relaxing)
 .comment       0x00000000       0x31 CAN.o
 .comment       0x00000000       0x31 DAC_driver.o
 .comment       0x00000000       0x31 main_node2.o
 .comment       0x00000000       0x31 MCP2515.o
 .comment       0x00000000       0x31 motor_control.o
 .comment       0x00000000       0x31 pwm.o
 .comment       0x00000000       0x31 solenoid.o
 .comment       0x00000000       0x31 spi.o
 .comment       0x00000000       0x31 TWI_Master.o
 .comment       0x00000000       0x31 USART.o
 .comment       0x00000000       0x31 c:/program files (x86)/atmel/atmel toolchain/avr8 gcc/native/3.4.1061/avr8-gnu-toolchain/bin/../lib/gcc/avr/4.8.1/../../../../avr/lib/avr6\libc.a(malloc.o)
 .comment       0x00000000       0x31 c:/program files (x86)/atmel/atmel toolchain/avr8 gcc/native/3.4.1061/avr8-gnu-toolchain/bin/../lib/gcc/avr/4.8.1/../../../../avr/lib/avr6\libc.a(fdevopen.o)
 .comment       0x00000000       0x31 c:/program files (x86)/atmel/atmel toolchain/avr8 gcc/native/3.4.1061/avr8-gnu-toolchain/bin/../lib/gcc/avr/4.8.1/../../../../avr/lib/avr6\libc.a(iob.o)
 .comment       0x00000000       0x31 c:/program files (x86)/atmel/atmel toolchain/avr8 gcc/native/3.4.1061/avr8-gnu-toolchain/bin/../lib/gcc/avr/4.8.1/../../../../avr/lib/avr6\libc.a(printf.o)
 .comment       0x00000000       0x31 c:/program files (x86)/atmel/atmel toolchain/avr8 gcc/native/3.4.1061/avr8-gnu-toolchain/bin/../lib/gcc/avr/4.8.1/../../../../avr/lib/avr6\libc.a(puts.o)
 .comment       0x00000000       0x31 c:/program files (x86)/atmel/atmel toolchain/avr8 gcc/native/3.4.1061/avr8-gnu-toolchain/bin/../lib/gcc/avr/4.8.1/../../../../avr/lib/avr6\libc.a(scanf.o)
 .comment       0x00000030       0x2c c:/program files (x86)/atmel/atmel toolchain/avr8 gcc/native/3.4.1061/avr8-gnu-toolchain/bin/../lib/gcc/avr/4.8.1/../../../../avr/lib/avr6\libc.a(vfprintf_std.o)
                                 0x2d (size before relaxing)
 .comment       0x00000000       0x2d c:/program files (x86)/atmel/atmel toolchain/avr8 gcc/native/3.4.1061/avr8-gnu-toolchain/bin/../lib/gcc/avr/4.8.1/../../../../avr/lib/avr6\libc.a(vfscanf_std.o)
 .comment       0x00000000       0x31 c:/program files (x86)/atmel/atmel toolchain/avr8 gcc/native/3.4.1061/avr8-gnu-toolchain/bin/../lib/gcc/avr/4.8.1/../../../../avr/lib/avr6\libc.a(calloc.o)
 .comment       0x00000000       0x31 c:/program files (x86)/atmel/atmel toolchain/avr8 gcc/native/3.4.1061/avr8-gnu-toolchain/bin/../lib/gcc/avr/4.8.1/../../../../avr/lib/avr6\libc.a(strtod.o)
 .comment       0x00000000       0x31 c:/program files (x86)/atmel/atmel toolchain/avr8 gcc/native/3.4.1061/avr8-gnu-toolchain/bin/../lib/gcc/avr/4.8.1/../../../../avr/lib/avr6\libc.a(fgetc.o)
 .comment       0x00000000       0x31 c:/program files (x86)/atmel/atmel toolchain/avr8 gcc/native/3.4.1061/avr8-gnu-toolchain/bin/../lib/gcc/avr/4.8.1/../../../../avr/lib/avr6\libc.a(fputc.o)
 .comment       0x00000000       0x31 c:/program files (x86)/atmel/atmel toolchain/avr8 gcc/native/3.4.1061/avr8-gnu-toolchain/bin/../lib/gcc/avr/4.8.1/../../../../avr/lib/avr6\libc.a(ungetc.o)
 .comment       0x00000000       0x2d c:/program files (x86)/atmel/atmel toolchain/avr8 gcc/native/3.4.1061/avr8-gnu-toolchain/bin/../lib/gcc/avr/4.8.1/../../../../avr/lib/avr6\libc.a(errno.o)

.note.gnu.build-id
 *(.note.gnu.build-id)

.debug
 *(.debug)

.line
 *(.line)

.debug_srcinfo
 *(.debug_srcinfo)

.debug_sfnames
 *(.debug_sfnames)

.debug_aranges  0x00000000      0x328
 *(.debug_aranges)
 .debug_aranges
                0x00000000       0x38 ADC.o
 .debug_aranges
                0x00000038       0x58 CAN.o
 .debug_aranges
                0x00000090       0x28 DAC_driver.o
 .debug_aranges
                0x000000b8       0x48 main_node2.o
 .debug_aranges
                0x00000100       0x60 MCP2515.o
 .debug_aranges
                0x00000160       0xb8 motor_control.o
 .debug_aranges
                0x00000218       0x28 pwm.o
 .debug_aranges
                0x00000240       0x28 solenoid.o
 .debug_aranges
                0x00000268       0x40 spi.o
 .debug_aranges
                0x000002a8       0x50 TWI_Master.o
 .debug_aranges
                0x000002f8       0x30 USART.o

.debug_pubnames
 *(.debug_pubnames)

.debug_info     0x00000000     0x2b06
 *(.debug_info .gnu.linkonce.wi.*)
 .debug_info    0x00000000       0xc5 ADC.o
 .debug_info    0x000000c5      0x59b CAN.o
 .debug_info    0x00000660      0x24b DAC_driver.o
 .debug_info    0x000008ab      0xaa4 main_node2.o
 .debug_info    0x0000134f      0x544 MCP2515.o
 .debug_info    0x00001893      0xa59 motor_control.o
 .debug_info    0x000022ec      0x190 pwm.o
 .debug_info    0x0000247c       0xcf solenoid.o
 .debug_info    0x0000254b      0x118 spi.o
 .debug_info    0x00002663      0x27d TWI_Master.o
 .debug_info    0x000028e0      0x226 USART.o

.debug_abbrev   0x00000000     0x105e
 *(.debug_abbrev)
 .debug_abbrev  0x00000000       0x67 ADC.o
 .debug_abbrev  0x00000067      0x1be CAN.o
 .debug_abbrev  0x00000225      0x199 DAC_driver.o
 .debug_abbrev  0x000003be      0x34d main_node2.o
 .debug_abbrev  0x0000070b      0x182 MCP2515.o
 .debug_abbrev  0x0000088d      0x330 motor_control.o
 .debug_abbrev  0x00000bbd       0x8d pwm.o
 .debug_abbrev  0x00000c4a       0x99 solenoid.o
 .debug_abbrev  0x00000ce3       0xb7 spi.o
 .debug_abbrev  0x00000d9a      0x18f TWI_Master.o
 .debug_abbrev  0x00000f29      0x135 USART.o

.debug_line     0x00000000     0x1b38
 *(.debug_line .debug_line.* .debug_line_end)
 .debug_line    0x00000000      0x113 ADC.o
 .debug_line    0x00000113      0x2a1 CAN.o
 .debug_line    0x000003b4      0x224 DAC_driver.o
 .debug_line    0x000005d8      0x56f main_node2.o
 .debug_line    0x00000b47      0x2a4 MCP2515.o
 .debug_line    0x00000deb      0x598 motor_control.o
 .debug_line    0x00001383      0x16d pwm.o
 .debug_line    0x000014f0       0xfa solenoid.o
 .debug_line    0x000015ea      0x157 spi.o
 .debug_line    0x00001741      0x2c7 TWI_Master.o
 .debug_line    0x00001a08      0x130 USART.o

.debug_frame    0x00000000      0x74c
 *(.debug_frame)
 .debug_frame   0x00000000       0x54 ADC.o
 .debug_frame   0x00000054       0xc4 CAN.o
 .debug_frame   0x00000118       0x44 DAC_driver.o
 .debug_frame   0x0000015c       0xcc main_node2.o
 .debug_frame   0x00000228      0x108 MCP2515.o
 .debug_frame   0x00000330      0x254 motor_control.o
 .debug_frame   0x00000584       0x34 pwm.o
 .debug_frame   0x000005b8       0x34 solenoid.o
 .debug_frame   0x000005ec       0x64 spi.o
 .debug_frame   0x00000650       0xb8 TWI_Master.o
 .debug_frame   0x00000708       0x44 USART.o

.debug_str      0x00000000      0xac4
 *(.debug_str)
 .debug_str     0x00000000      0x154 ADC.o
                                0x188 (size before relaxing)
 .debug_str     0x00000154      0x1a9 CAN.o
                                0x31c (size before relaxing)
 .debug_str     0x000002fd       0xc3 DAC_driver.o
                                0x22e (size before relaxing)
 .debug_str     0x000003c0      0x2f3 main_node2.o
                                0x5c2 (size before relaxing)
 .debug_str     0x000006b3       0x80 MCP2515.o
                                0x29f (size before relaxing)
 .debug_str     0x00000733      0x19d motor_control.o
                                0x474 (size before relaxing)
 .debug_str     0x000008d0       0xb0 pwm.o
                                0x23b (size before relaxing)
 .debug_str     0x00000980       0x10 solenoid.o
                                0x191 (size before relaxing)
 .debug_str     0x00000990       0x11 spi.o
                                0x1a3 (size before relaxing)
 .debug_str     0x000009a1       0xcd TWI_Master.o
                                0x266 (size before relaxing)
 .debug_str     0x00000a6e       0x56 USART.o
                                0x1d1 (size before relaxing)

.debug_loc      0x00000000     0x15f0
 *(.debug_loc)
 .debug_loc     0x00000000      0x1db CAN.o
 .debug_loc     0x000001db       0x90 DAC_driver.o
 .debug_loc     0x0000026b      0x5e2 main_node2.o
 .debug_loc     0x0000084d      0x32f MCP2515.o
 .debug_loc     0x00000b7c      0x759 motor_control.o
 .debug_loc     0x000012d5      0x11f pwm.o
 .debug_loc     0x000013f4       0x41 solenoid.o
 .debug_loc     0x00001435      0x150 TWI_Master.o
 .debug_loc     0x00001585       0x6b USART.o

.debug_macinfo
 *(.debug_macinfo)

.debug_weaknames
 *(.debug_weaknames)

.debug_funcnames
 *(.debug_funcnames)

.debug_typenames
 *(.debug_typenames)

.debug_varnames
 *(.debug_varnames)

.debug_pubtypes
 *(.debug_pubtypes)

.debug_ranges   0x00000000      0x290
 *(.debug_ranges)
 .debug_ranges  0x00000000       0x28 ADC.o
 .debug_ranges  0x00000028       0x48 CAN.o
 .debug_ranges  0x00000070       0x18 DAC_driver.o
 .debug_ranges  0x00000088       0x50 main_node2.o
 .debug_ranges  0x000000d8       0x50 MCP2515.o
 .debug_ranges  0x00000128       0xa8 motor_control.o
 .debug_ranges  0x000001d0       0x18 pwm.o
 .debug_ranges  0x000001e8       0x18 solenoid.o
 .debug_ranges  0x00000200       0x30 spi.o
 .debug_ranges  0x00000230       0x40 TWI_Master.o
 .debug_ranges  0x00000270       0x20 USART.o

.debug_macro
 *(.debug_macro)
OUTPUT(Byggern_node2.elf elf32-avr)
LOAD linker stubs
