Archive member included because of file (symbol)

c:/program files (x86)/atmel/atmel toolchain/avr8 gcc/native/3.4.1061/avr8-gnu-toolchain/bin/../lib/gcc/avr/4.8.1/../../../../avr/lib/avr6\libm.a(addsf3.o)
                              motor_control.o (__addsf3)
c:/program files (x86)/atmel/atmel toolchain/avr8 gcc/native/3.4.1061/avr8-gnu-toolchain/bin/../lib/gcc/avr/4.8.1/../../../../avr/lib/avr6\libm.a(addsf3x.o)
                              c:/program files (x86)/atmel/atmel toolchain/avr8 gcc/native/3.4.1061/avr8-gnu-toolchain/bin/../lib/gcc/avr/4.8.1/../../../../avr/lib/avr6\libm.a(addsf3.o) (__addsf3x)
c:/program files (x86)/atmel/atmel toolchain/avr8 gcc/native/3.4.1061/avr8-gnu-toolchain/bin/../lib/gcc/avr/4.8.1/../../../../avr/lib/avr6\libm.a(fixsfsi.o)
                              main_node2.o (__fixsfsi)
c:/program files (x86)/atmel/atmel toolchain/avr8 gcc/native/3.4.1061/avr8-gnu-toolchain/bin/../lib/gcc/avr/4.8.1/../../../../avr/lib/avr6\libm.a(fixunssfsi.o)
                              c:/program files (x86)/atmel/atmel toolchain/avr8 gcc/native/3.4.1061/avr8-gnu-toolchain/bin/../lib/gcc/avr/4.8.1/../../../../avr/lib/avr6\libm.a(fixsfsi.o) (__fixunssfsi)
c:/program files (x86)/atmel/atmel toolchain/avr8 gcc/native/3.4.1061/avr8-gnu-toolchain/bin/../lib/gcc/avr/4.8.1/../../../../avr/lib/avr6\libm.a(floatsisf.o)
                              motor_control.o (__floatsisf)
c:/program files (x86)/atmel/atmel toolchain/avr8 gcc/native/3.4.1061/avr8-gnu-toolchain/bin/../lib/gcc/avr/4.8.1/../../../../avr/lib/avr6\libm.a(fp_inf.o)
                              c:/program files (x86)/atmel/atmel toolchain/avr8 gcc/native/3.4.1061/avr8-gnu-toolchain/bin/../lib/gcc/avr/4.8.1/../../../../avr/lib/avr6\libm.a(addsf3x.o) (__fp_inf)
c:/program files (x86)/atmel/atmel toolchain/avr8 gcc/native/3.4.1061/avr8-gnu-toolchain/bin/../lib/gcc/avr/4.8.1/../../../../avr/lib/avr6\libm.a(fp_nan.o)
                              c:/program files (x86)/atmel/atmel toolchain/avr8 gcc/native/3.4.1061/avr8-gnu-toolchain/bin/../lib/gcc/avr/4.8.1/../../../../avr/lib/avr6\libm.a(addsf3x.o) (__fp_nan)
c:/program files (x86)/atmel/atmel toolchain/avr8 gcc/native/3.4.1061/avr8-gnu-toolchain/bin/../lib/gcc/avr/4.8.1/../../../../avr/lib/avr6\libm.a(fp_pscA.o)
                              c:/program files (x86)/atmel/atmel toolchain/avr8 gcc/native/3.4.1061/avr8-gnu-toolchain/bin/../lib/gcc/avr/4.8.1/../../../../avr/lib/avr6\libm.a(addsf3x.o) (__fp_pscA)
c:/program files (x86)/atmel/atmel toolchain/avr8 gcc/native/3.4.1061/avr8-gnu-toolchain/bin/../lib/gcc/avr/4.8.1/../../../../avr/lib/avr6\libm.a(fp_pscB.o)
                              c:/program files (x86)/atmel/atmel toolchain/avr8 gcc/native/3.4.1061/avr8-gnu-toolchain/bin/../lib/gcc/avr/4.8.1/../../../../avr/lib/avr6\libm.a(addsf3x.o) (__fp_pscB)
c:/program files (x86)/atmel/atmel toolchain/avr8 gcc/native/3.4.1061/avr8-gnu-toolchain/bin/../lib/gcc/avr/4.8.1/../../../../avr/lib/avr6\libm.a(fp_round.o)
                              c:/program files (x86)/atmel/atmel toolchain/avr8 gcc/native/3.4.1061/avr8-gnu-toolchain/bin/../lib/gcc/avr/4.8.1/../../../../avr/lib/avr6\libm.a(addsf3.o) (__fp_round)
c:/program files (x86)/atmel/atmel toolchain/avr8 gcc/native/3.4.1061/avr8-gnu-toolchain/bin/../lib/gcc/avr/4.8.1/../../../../avr/lib/avr6\libm.a(fp_split3.o)
                              c:/program files (x86)/atmel/atmel toolchain/avr8 gcc/native/3.4.1061/avr8-gnu-toolchain/bin/../lib/gcc/avr/4.8.1/../../../../avr/lib/avr6\libm.a(addsf3x.o) (__fp_split3)
c:/program files (x86)/atmel/atmel toolchain/avr8 gcc/native/3.4.1061/avr8-gnu-toolchain/bin/../lib/gcc/avr/4.8.1/../../../../avr/lib/avr6\libm.a(fp_zero.o)
                              c:/program files (x86)/atmel/atmel toolchain/avr8 gcc/native/3.4.1061/avr8-gnu-toolchain/bin/../lib/gcc/avr/4.8.1/../../../../avr/lib/avr6\libm.a(addsf3x.o) (__fp_zero)
c:/program files (x86)/atmel/atmel toolchain/avr8 gcc/native/3.4.1061/avr8-gnu-toolchain/bin/../lib/gcc/avr/4.8.1/../../../../avr/lib/avr6\libm.a(mulsf3.o)
                              motor_control.o (__mulsf3)
c:/program files (x86)/atmel/atmel toolchain/avr8 gcc/native/3.4.1061/avr8-gnu-toolchain/bin/../lib/gcc/avr/4.8.1/../../../../avr/lib/avr6\libm.a(mulsf3x.o)
                              c:/program files (x86)/atmel/atmel toolchain/avr8 gcc/native/3.4.1061/avr8-gnu-toolchain/bin/../lib/gcc/avr/4.8.1/../../../../avr/lib/avr6\libm.a(mulsf3.o) (__mulsf3x)
c:/program files (x86)/atmel/atmel toolchain/avr8 gcc/native/3.4.1061/avr8-gnu-toolchain/bin/../lib/gcc/avr/4.8.1/avr6\libgcc.a(_udivmodhi4.o)
                              pwm.o (__udivmodhi4)
c:/program files (x86)/atmel/atmel toolchain/avr8 gcc/native/3.4.1061/avr8-gnu-toolchain/bin/../lib/gcc/avr/4.8.1/avr6\libgcc.a(_divmodhi4.o)
                              main_node2.o (__divmodhi4)
[...]
Memory Configuration

Name             Origin             Length             Attributes
text             0x00000000         0x00100000         xr
data             0x00800200         0x0000fe00         rw !x
eeprom           0x00810000         0x00010000         rw !x
fuse             0x00820000         0x00000400         rw !x
lock             0x00830000         0x00000400         rw !x
signature        0x00840000         0x00000400         rw !x
user_signatures  0x00850000         0x00000400         rw !x
*default*        0x00000000         0xffffffff

Linker script and memory map

Address of section .data set to 0x800200
LOAD c:/program files (x86)/atmel/atmel toolchain/avr8 gcc/native/3.4.1061/avr8-gnu-toolchain/bin/../lib/gcc/avr/4.8.1/../../../../avr/lib/avr6/crtm2560.o
LOAD ADC.o
LOAD CAN.o
LOAD DAC_driver.o
LOAD main_node2.o
LOAD MCP2515.o
LOAD motor_control.o
LOAD pwm.o
LOAD solenoid.o
LOAD spi.o
LOAD TWI_Master.o
LOAD USART.o
START GROUP
LOAD c:/program files (x86)/atmel/atmel toolchain/avr8 gcc/native/3.4.1061/avr8-gnu-toolchain/bin/../lib/gcc/avr/4.8.1/../../../../avr/lib/avr6\libm.a
END GROUP
START GROUP
LOAD c:/program files (x86)/atmel/atmel toolchain/avr8 gcc/native/3.4.1061/avr8-gnu-toolchain/bin/../lib/gcc/avr/4.8.1/avr6\libgcc.a
LOAD c:/program files (x86)/atmel/atmel toolchain/avr8 gcc/native/3.4.1061/avr8-gnu-toolchain/bin/../lib/gcc/avr/4.8.1/../../../../avr/lib/avr6\libm.a
LOAD c:/program files (x86)/atmel/atmel toolchain/avr8 gcc/native/3.4.1061/avr8-gnu-toolchain/bin/../lib/gcc/avr/4.8.1/../../../../avr/lib/avr6\libc.a
END GROUP

.hash
 *(.hash)

.dynsym
 *(.dynsym)

.dynstr
 *(.dynstr)

.gnu.version
 *(.gnu.version)

.gnu.version_d
 *(.gnu.version_d)

.gnu.version_r
 *(.gnu.version_r)

.rel.init
 *(.rel.init)

.rela.init
 *(.rela.init)

.rel.text
 *(.rel.text)
 *(.rel.text.*)
 *(.rel.gnu.linkonce.t*)

.rela.text
 *(.rela.text)
 *(.rela.text.*)
 *(.rela.gnu.linkonce.t*)

.rel.fini
 *(.rel.fini)

.rela.fini
 *(.rela.fini)

.rel.rodata
 *(.rel.rodata)
 *(.rel.rodata.*)
 *(.rel.gnu.linkonce.r*)

.rela.rodata
 *(.rela.rodata)
 *(.rela.rodata.*)
 *(.rela.gnu.linkonce.r*)

.rel.data
 *(.rel.data)
 *(.rel.data.*)
 *(.rel.gnu.linkonce.d*)

.rela.data
 *(.rela.data)
 *(.rela.data.*)
 *(.rela.gnu.linkonce.d*)

.rel.ctors
 *(.rel.ctors)

.rela.ctors
 *(.rela.ctors)

.rel.dtors
 *(.rel.dtors)

.rela.dtors
 *(.rela.dtors)

.rel.got
 *(.rel.got)

.rela.got
 *(.rela.got)

.rel.bss
 *(.rel.bss)

.rela.bss
 *(.rela.bss)

.rel.plt
 *(.rel.plt)

.rela.plt
 *(.rela.plt)

.text           0x00000000     0x1bac
 *(.vectors)
 .vectors       0x00000000       0xe4 c:/program files (x86)/atmel/atmel toolchain/avr8 gcc/native/3.4.1061/avr8-gnu-toolchain/bin/../lib/gcc/avr/4.8.1/../../../../avr/lib/avr6/crtm2560.o
                0x00000000                __vector_default
                0x00000000                __vectors
 *(.vectors)
 *(.progmem.gcc*)
 .progmem.gcc_sw_table.__vector_39
                0x000000e4       0xa2 TWI_Master.o
                0x00000186                . = ALIGN (0x2)
                0x00000186                __trampolines_start = .
 *(.trampolines)
 .trampolines   0x00000186        0x0 linker stubs
 *(.trampolines*)
                0x00000186                __trampolines_end = .
 *(.progmem*)
                0x00000186                . = ALIGN (0x2)
 *(.jumptables)
 *(.jumptables*)
 *(.lowtext)
 *(.lowtext*)
                0x00000186                __ctors_start = .
 *(.ctors)
                0x00000186                __ctors_end = .
                0x00000186                __dtors_start = .
 *(.dtors)
                0x00000186                __dtors_end = .
 SORT(*)(.ctors)
 SORT(*)(.dtors)
 *(.init0)
 .init0         0x00000186        0x0 c:/program files (x86)/atmel/atmel toolchain/avr8 gcc/native/3.4.1061/avr8-gnu-toolchain/bin/../lib/gcc/avr/4.8.1/../../../../avr/lib/avr6/crtm2560.o
                0x00000186                __init
 *(.init0)
 *(.init1)
 *(.init1)
 *(.init2)
 .init2         0x00000186       0x10 c:/program files (x86)/atmel/atmel toolchain/avr8 gcc/native/3.4.1061/avr8-gnu-toolchain/bin/../lib/gcc/avr/4.8.1/../../../../avr/lib/avr6/crtm2560.o
 *(.init2)
 *(.init3)
 *(.init3)
 *(.init4)
 .init4         0x00000196       0x1a c:/program files (x86)/atmel/atmel toolchain/avr8 gcc/native/3.4.1061/avr8-gnu-toolchain/bin/../lib/gcc/avr/4.8.1/avr6\libgcc.a(_copy_data.o)
                0x00000196                __do_copy_data
 .init4         0x000001b0       0x10 c:/program files (x86)/atmel/atmel toolchain/avr8 gcc/native/3.4.1061/avr8-gnu-toolchain/bin/../lib/gcc/avr/4.8.1/avr6\libgcc.a(_clear_bss.o)
                0x000001b0                __do_clear_bss
 *(.init4)
 *(.init5)
 *(.init5)
 *(.init6)
 *(.init6)
 *(.init7)
 *(.init7)
 *(.init8)
 *(.init8)
 *(.init9)
 .init9         0x000001c0        0x6 c:/program files (x86)/atmel/atmel toolchain/avr8 gcc/native/3.4.1061/avr8-gnu-toolchain/bin/../lib/gcc/avr/4.8.1/../../../../avr/lib/avr6/crtm2560.o
 *(.init9)
 *(.text)
 .text          0x000001c6        0x2 c:/program files (x86)/atmel/atmel toolchain/avr8 gcc/native/3.4.1061/avr8-gnu-toolchain/bin/../lib/gcc/avr/4.8.1/../../../../avr/lib/avr6/crtm2560.o
                0x000001c6                __vector_38
                0x000001c6                __vector_22
                0x000001c6                __vector_28
                0x000001c6                __vector_1
                0x000001c6                __vector_32
                0x000001c6                __vector_34
                0x000001c6                __vector_24
                0x000001c6                __vector_12
                0x000001c6                __vector_55
                0x000001c6                __vector_46
                0x000001c6                __bad_interrupt
                0x000001c6                __vector_6
                0x000001c6                __vector_31
                0x000001c6                __vector_35
                0x000001c6                __vector_3
                0x000001c6                __vector_23
                0x000001c6                __vector_30
                0x000001c6                __vector_45
                0x000001c6                __vector_25
                0x000001c6                __vector_11
                0x000001c6                __vector_54
                0x000001c6                __vector_13
                0x000001c6                __vector_19
                0x000001c6                __vector_56
                0x000001c6                __vector_7
                0x000001c6                __vector_49
                0x000001c6                __vector_41
                0x000001c6                __vector_43
                0x000001c6                __vector_27
                0x000001c6                __vector_5
                0x000001c6                __vector_33
                0x000001c6                __vector_47
                0x000001c6                __vector_52
                0x000001c6                __vector_37
                0x000001c6                __vector_4
                0x000001c6                __vector_44
                0x000001c6                __vector_51
                0x000001c6                __vector_9
                0x000001c6                __vector_2
                0x000001c6                __vector_21
                0x000001c6                __vector_15
                0x000001c6                __vector_36
                0x000001c6                __vector_29
                0x000001c6                __vector_40
                0x000001c6                __vector_8
                0x000001c6                __vector_26
                0x000001c6                __vector_48
                0x000001c6                __vector_14
                0x000001c6                __vector_53
                0x000001c6                __vector_10
                0x000001c6                __vector_50
                0x000001c6                __vector_16
                0x000001c6                __vector_18
                0x000001c6                __vector_20
                0x000001c6                __vector_42
                0x000001c8                . = ALIGN (0x2)
 *(.text.*)
 .text.setup_ADC
                0x000001c8       0x30 ADC.o
                0x000001c8                setup_ADC
 .text.start_ADC
                0x000001f8       0x12 ADC.o
                0x000001f8                start_ADC
 .text.get_ADC_value
                0x0000020a        0x6 ADC.o
                0x0000020a                get_ADC_value
 .text.can_init
                0x00000210       0x16 CAN.o
                0x00000210                can_init
 .text.CAN_enable_normal_mode
                0x00000226        0x4 CAN.o
                0x00000226                CAN_enable_normal_mode
 .text.can_receive_message
                0x0000022a       0x98 CAN.o
                0x0000022a                can_receive_message
 .text.can_error
                0x000002c2       0x42 CAN.o
                0x000002c2                can_error
 .text.can_transmit_complete
                0x00000304       0x3a CAN.o
                0x00000304                can_transmit_complete
 .text.can_send_message
                0x0000033e       0x64 CAN.o
                0x0000033e                can_send_message
 .text.setup_DAC
                0x000003a2        0xc DAC_driver.o
                0x000003a2                setup_DAC
 .text.send_DAC_data
                0x000003ae       0x44 DAC_driver.o
                0x000003ae                send_DAC_data
 .text.init     0x000003f2       0x5e main_node2.o
                0x000003f2                init
 .text.goal_scored
                0x00000450       0x14 main_node2.o
                0x00000450                goal_scored
 .text.main     0x00000464      0x15c main_node2.o
                0x00000464                main
 .text.mcp_2515_read
                0x000005c0       0x1a MCP2515.o
                0x000005c0                mcp_2515_read
 .text.mcp_2515_write
                0x000005da       0x1e MCP2515.o
                0x000005da                mcp_2515_write
 .text.mcp_2515_request_to_send
                0x000005f8       0x10 MCP2515.o
                0x000005f8                mcp_2515_request_to_send
 .text.mcp_2515_bit_modify
                0x00000608       0x28 MCP2515.o
                0x00000608                mcp_2515_bit_modify
 .text.mcp_2515_enable_normal_operation
                0x00000630       0x32 MCP2515.o
                0x00000630                mcp_2515_enable_normal_operation
 .text.mcp_2515_reset
                0x00000662        0xa MCP2515.o
                0x00000662                mcp_2515_reset
 .text.mcp_2515_init
                0x0000066c       0x4e MCP2515.o
                0x0000066c                mcp_2515_init
 .text.motor_control_init_clock
                0x000006ba       0x2c motor_control.o
                0x000006ba                motor_control_init_clock
 .text.set_motor_direction
                0x000006e6       0x20 motor_control.o
                0x000006e6                set_motor_direction
 .text.enable_motor
                0x00000706       0x28 motor_control.o
                0x00000706                enable_motor
 .text.motor_control_set_reference_pos
                0x0000072e       0x12 motor_control.o
                0x0000072e                motor_control_set_reference_pos
 .text.enable_encoder
                0x00000740       0x1c motor_control.o
                0x00000740                enable_encoder
 .text.read_encoder
                0x0000075c       0x40 motor_control.o
                0x0000075c                read_encoder
 .text.encoder_reset
                0x0000079c       0x1a motor_control.o
                0x0000079c                encoder_reset
 .text.motor_control_set_timer_flag
                0x000007b6       0x1c motor_control.o
                0x000007b6                motor_control_set_timer_flag
 .text.motor_control_set_playing_flag
                0x000007d2       0x38 motor_control.o
                0x000007d2                motor_control_set_playing_flag
 .text.saturate
                0x0000080a       0x18 motor_control.o
                0x0000080a                saturate
 .text.motor_control_set_velocity
                0x00000822       0x3a motor_control.o
                0x00000822                motor_control_set_velocity
 .text.motor_control_get_played_time
                0x0000085c        0xa motor_control.o
                0x0000085c                motor_control_get_played_time
 .text.motor_control_reset_timer
                0x00000866        0xa motor_control.o
                0x00000866                motor_control_reset_timer
 .text.motor_control_set_pid_gains
                0x00000870       0x42 motor_control.o
                0x00000870                motor_control_set_pid_gains
 .text.calculate_pid
                0x000008b2      0x13a motor_control.o
                0x000008b2                calculate_pid
 .text.__vector_17
                0x000009ec       0x54 motor_control.o
                0x000009ec                __vector_17
 .text.find_encoder_max
                0x00000a40       0xca motor_control.o
                0x00000a40                find_encoder_max
 .text.motor_control_init
                0x00000b0a       0x82 motor_control.o
                0x00000b0a                motor_control_init
 .text.pwm_init
                0x00000b8c       0x8a pwm.o
                0x00000b8c                pwm_init
 .text.pwm_set_angle
                0x00000c16       0xce pwm.o
                0x00000c16                pwm_set_angle
 .text.solenoid_shoot
                0x00000ce4       0x1e solenoid.o
                0x00000ce4                solenoid_shoot
 .text.setup_solenoid
                0x00000d02        0xe solenoid.o
                0x00000d02                setup_solenoid
 .text.spi_init
                0x00000d10       0x12 spi.o
                0x00000d10                spi_init
 .text.spi_send
                0x00000d22        0xa spi.o
                0x00000d22                spi_send
 .text.spi_read
                0x00000d2c        0xc spi.o
                0x00000d2c                spi_read
 .text.spi_enable
                0x00000d38        0x6 spi.o
                0x00000d38                spi_enable
 .text.spi_disable
                0x00000d3e        0x6 spi.o
                0x00000d3e                spi_disable
 .text.TWI_Master_Initialise
                0x00000d44       0x14 TWI_Master.o
                0x00000d44                TWI_Master_Initialise
 .text.TWI_Start_Transceiver_With_Data
                0x00000d58       0x44 TWI_Master.o
                0x00000d58                TWI_Start_Transceiver_With_Data
 .text.__vector_39
                0x00000d9c      0x106 TWI_Master.o
                0x00000d9c                __vector_39
 .text.USART_Transmit
                0x00000ea2       0x14 USART.o
                0x00000ea2                USART_Transmit
 .text.USART_Recieve
                0x00000eb6       0x12 USART.o
                0x00000eb6                USART_Recieve
 .text.USART_Init
                0x00000ec8       0x28 USART.o
                0x00000ec8                USART_Init
 .text.avr-libc.fplib
                0x00000ef0        0xa c:/program files (x86)/atmel/atmel toolchain/avr8 gcc/native/3.4.1061/avr8-gnu-toolchain/bin/../lib/gcc/avr/4.8.1/../../../../avr/lib/avr6\libm.a(addsf3.o)
                0x00000ef0                __subsf3
                0x00000ef2                __addsf3
 .text.avr-libc.fplib
                0x00000efa       0xc0 c:/program files (x86)/atmel/atmel toolchain/avr8 gcc/native/3.4.1061/avr8-gnu-toolchain/bin/../lib/gcc/avr/4.8.1/../../../../avr/lib/avr6\libm.a(addsf3x.o)
                0x00000f14                __addsf3x
 .text.avr-libc.fplib
                0x00000fba        0xa c:/program files (x86)/atmel/atmel toolchain/avr8 gcc/native/3.4.1061/avr8-gnu-toolchain/bin/../lib/gcc/avr/4.8.1/../../../../avr/lib/avr6\libm.a(fixsfsi.o)
                0x00000fba                __fixsfsi
 .text.avr-libc.fplib
                0x00000fc4       0x58 c:/program files (x86)/atmel/atmel toolchain/avr8 gcc/native/3.4.1061/avr8-gnu-toolchain/bin/../lib/gcc/avr/4.8.1/../../../../avr/lib/avr6\libm.a(fixunssfsi.o)
                0x00000fc4                __fixunssfsi
 .text.avr-libc.fplib
                0x0000101c       0x7a c:/program files (x86)/atmel/atmel toolchain/avr8 gcc/native/3.4.1061/avr8-gnu-toolchain/bin/../lib/gcc/avr/4.8.1/../../../../avr/lib/avr6\libm.a(floatsisf.o)
                0x0000101c                __floatunsisf
                0x00001020                __floatsisf
 .text.avr-libc.fplib
                0x00001096        0xc c:/program files (x86)/atmel/atmel toolchain/avr8 gcc/native/3.4.1061/avr8-gnu-toolchain/bin/../lib/gcc/avr/4.8.1/../../../../avr/lib/avr6\libm.a(fp_inf.o)
                0x00001096                __fp_inf
 .text.avr-libc.fplib
                0x000010a2        0x6 c:/program files (x86)/atmel/atmel toolchain/avr8 gcc/native/3.4.1061/avr8-gnu-toolchain/bin/../lib/gcc/avr/4.8.1/../../../../avr/lib/avr6\libm.a(fp_nan.o)
                0x000010a2                __fp_nan
 .text.avr-libc.fplib
                0x000010a8        0xe c:/program files (x86)/atmel/atmel toolchain/avr8 gcc/native/3.4.1061/avr8-gnu-toolchain/bin/../lib/gcc/avr/4.8.1/../../../../avr/lib/avr6\libm.a(fp_pscA.o)
                0x000010a8                __fp_pscA
 .text.avr-libc.fplib
                0x000010b6        0xe c:/program files (x86)/atmel/atmel toolchain/avr8 gcc/native/3.4.1061/avr8-gnu-toolchain/bin/../lib/gcc/avr/4.8.1/../../../../avr/lib/avr6\libm.a(fp_pscB.o)
                0x000010b6                __fp_pscB
 .text.avr-libc.fplib
                0x000010c4       0x22 c:/program files (x86)/atmel/atmel toolchain/avr8 gcc/native/3.4.1061/avr8-gnu-toolchain/bin/../lib/gcc/avr/4.8.1/../../../../avr/lib/avr6\libm.a(fp_round.o)
                0x000010c4                __fp_round
 .text.avr-libc.fplib
                0x000010e6       0x44 c:/program files (x86)/atmel/atmel toolchain/avr8 gcc/native/3.4.1061/avr8-gnu-toolchain/bin/../lib/gcc/avr/4.8.1/../../../../avr/lib/avr6\libm.a(fp_split3.o)
                0x000010e6                __fp_split3
                0x000010f6                __fp_splitA
 .text.avr-libc.fplib
                0x0000112a        0xe c:/program files (x86)/atmel/atmel toolchain/avr8 gcc/native/3.4.1061/avr8-gnu-toolchain/bin/../lib/gcc/avr/4.8.1/../../../../avr/lib/avr6\libm.a(fp_zero.o)
                0x0000112a                __fp_zero
                0x0000112c                __fp_szero
 .text.avr-libc.fplib
                0x00001138        0x4 c:/program files (x86)/atmel/atmel toolchain/avr8 gcc/native/3.4.1061/avr8-gnu-toolchain/bin/../lib/gcc/avr/4.8.1/../../../../avr/lib/avr6\libm.a(mulsf3.o)
                0x00001138                __mulsf3
 .text.avr-libc.fplib
                0x0000113c       0xc2 c:/program files (x86)/atmel/atmel toolchain/avr8 gcc/native/3.4.1061/avr8-gnu-toolchain/bin/../lib/gcc/avr/4.8.1/../../../../avr/lib/avr6\libm.a(mulsf3x.o)
                0x00001150                __mulsf3x
                0x00001154                __mulsf3_pse
 .text.libgcc.div
                0x000011fe       0x28 c:/program files (x86)/atmel/atmel toolchain/avr8 gcc/native/3.4.1061/avr8-gnu-toolchain/bin/../lib/gcc/avr/4.8.1/avr6\libgcc.a(_udivmodhi4.o)
                0x000011fe                __udivmodhi4
 .text.libgcc.div
                0x00001226       0x28 c:/program files (x86)/atmel/atmel toolchain/avr8 gcc/native/3.4.1061/avr8-gnu-toolchain/bin/../lib/gcc/avr/4.8.1/avr6\libgcc.a(_divmodsi4.o)
                0x00001226                __divmodsi4
 .text.libgcc.div
                0x0000124e       0x10 c:/program files (x86)/atmel/atmel toolchain/avr8 gcc/native/3.4.1061/avr8-gnu-toolchain/bin/../lib/gcc/avr/4.8.1/avr6\libgcc.a(_negsi2.o)
                0x0000124e                __negsi2
 .text.libgcc   0x0000125e        0xc c:/program files (x86)/atmel/atmel toolchain/avr8 gcc/native/3.4.1061/avr8-gnu-toolchain/bin/../lib/gcc/avr/4.8.1/avr6\libgcc.a(_tablejump.o)
                0x0000125e                __tablejump2__
                0x00001262                __tablejump__
 .text.libgcc.mul
                0x0000126a       0x14 c:/program files (x86)/atmel/atmel toolchain/avr8 gcc/native/3.4.1061/avr8-gnu-toolchain/bin/../lib/gcc/avr/4.8.1/avr6\libgcc.a(_muluhisi3.o)
                0x0000126a                __muluhisi3
 .text.libgcc.div
                0x0000127e       0x44 c:/program files (x86)/atmel/atmel toolchain/avr8 gcc/native/3.4.1061/avr8-gnu-toolchain/bin/../lib/gcc/avr/4.8.1/avr6\libgcc.a(_udivmodsi4.o)
                0x0000127e                __udivmodsi4
 .text.libgcc.mul
                0x000012c2       0x1e c:/program files (x86)/atmel/atmel toolchain/avr8 gcc/native/3.4.1061/avr8-gnu-toolchain/bin/../lib/gcc/avr/4.8.1/avr6\libgcc.a(_umulhisi3.o)
                0x000012c2                __umulhisi3
 .text.avr-libc
                0x000012e0      0x24e c:/program files (x86)/atmel/atmel toolchain/avr8 gcc/native/3.4.1061/avr8-gnu-toolchain/bin/../lib/gcc/avr/4.8.1/../../../../avr/lib/avr6\libc.a(malloc.o)
                0x000012e0                malloc
                0x00001410                free
 .text.avr-libc
                0x0000152e       0x94 c:/program files (x86)/atmel/atmel toolchain/avr8 gcc/native/3.4.1061/avr8-gnu-toolchain/bin/../lib/gcc/avr/4.8.1/../../../../avr/lib/avr6\libc.a(fdevopen.o)
                0x0000152e                fdevopen
 .text.avr-libc
                0x000015c2       0x22 c:/program files (x86)/atmel/atmel toolchain/avr8 gcc/native/3.4.1061/avr8-gnu-toolchain/bin/../lib/gcc/avr/4.8.1/../../../../avr/lib/avr6\libc.a(printf.o)
                0x000015c2                printf
 .text.avr-libc
                0x000015e4       0x5a c:/program files (x86)/atmel/atmel toolchain/avr8 gcc/native/3.4.1061/avr8-gnu-toolchain/bin/../lib/gcc/avr/4.8.1/../../../../avr/lib/avr6\libc.a(puts.o)
                0x000015e4                puts
 .text.avr-libc
                0x0000163e      0x3dc c:/program files (x86)/atmel/atmel toolchain/avr8 gcc/native/3.4.1061/avr8-gnu-toolchain/bin/../lib/gcc/avr/4.8.1/../../../../avr/lib/avr6\libc.a(vfprintf_std.o)
                0x0000163e                vfprintf
 .text.avr-libc
                0x00001a1a       0x34 c:/program files (x86)/atmel/atmel toolchain/avr8 gcc/native/3.4.1061/avr8-gnu-toolchain/bin/../lib/gcc/avr/4.8.1/../../../../avr/lib/avr6\libc.a(calloc.o)
                0x00001a1a                calloc
 .text.avr-libc
                0x00001a4e       0x16 c:/program files (x86)/atmel/atmel toolchain/avr8 gcc/native/3.4.1061/avr8-gnu-toolchain/bin/../lib/gcc/avr/4.8.1/../../../../avr/lib/avr6\libc.a(strnlen_P.o)
                0x00001a4e                strnlen_P
 .text.avr-libc
                0x00001a64        0xe c:/program files (x86)/atmel/atmel toolchain/avr8 gcc/native/3.4.1061/avr8-gnu-toolchain/bin/../lib/gcc/avr/4.8.1/../../../../avr/lib/avr6\libc.a(memset.o)
                0x00001a64                memset
 .text.avr-libc
                0x00001a72       0x16 c:/program files (x86)/atmel/atmel toolchain/avr8 gcc/native/3.4.1061/avr8-gnu-toolchain/bin/../lib/gcc/avr/4.8.1/../../../../avr/lib/avr6\libc.a(strnlen.o)
                0x00001a72                strnlen
 .text.avr-libc
                0x00001a88       0x64 c:/program files (x86)/atmel/atmel toolchain/avr8 gcc/native/3.4.1061/avr8-gnu-toolchain/bin/../lib/gcc/avr/4.8.1/../../../../avr/lib/avr6\libc.a(fputc.o)
                0x00001a88                fputc
 .text.avr-libc
                0x00001aec       0xbc c:/program files (x86)/atmel/atmel toolchain/avr8 gcc/native/3.4.1061/avr8-gnu-toolchain/bin/../lib/gcc/avr/4.8.1/../../../../avr/lib/avr6\libc.a(ultoa_invert.o)
                0x00001aec                __ultoa_invert
                0x00001ba8                . = ALIGN (0x2)
 *(.fini9)
 .fini9         0x00001ba8        0x0 c:/program files (x86)/atmel/atmel toolchain/avr8 gcc/native/3.4.1061/avr8-gnu-toolchain/bin/../lib/gcc/avr/4.8.1/avr6\libgcc.a(_exit.o)
                0x00001ba8                _exit
                0x00001ba8                exit
 *(.fini9)
 *(.fini8)
 *(.fini8)
 *(.fini7)
 *(.fini7)
 *(.fini6)
 *(.fini6)
 *(.fini5)
 *(.fini5)
 *(.fini4)
 *(.fini4)
 *(.fini3)
 *(.fini3)
 *(.fini2)
 *(.fini2)
 *(.fini1)
 *(.fini1)
 *(.fini0)
 .fini0         0x00001ba8        0x4 c:/program files (x86)/atmel/atmel toolchain/avr8 gcc/native/3.4.1061/avr8-gnu-toolchain/bin/../lib/gcc/avr/4.8.1/avr6\libgcc.a(_exit.o)
 *(.fini0)
                0x00001bac                _etext = .

.data           0x00800200      0x1b8 load address 0x00001bac
                0x00800200                PROVIDE (__data_start, .)
 *(.data)
 .data          0x00800200        0x6 c:/program files (x86)/atmel/atmel toolchain/avr8 gcc/native/3.4.1061/avr8-gnu-toolchain/bin/../lib/gcc/avr/4.8.1/../../../../avr/lib/avr6\libc.a(malloc.o)
                0x00800200                __malloc_heap_end
                0x00800202                __malloc_heap_start
                0x00800204                __malloc_margin
 *(.data*)
 .data.allowed_tries
                0x00800206        0x1 CAN.o
                0x00800206                allowed_tries
 .data.message_sent
                0x00800207        0x1 main_node2.o
                0x00800207                message_sent
 .data.paused   0x00800208        0x1 main_node2.o
                0x00800208                paused
 .data.integrator_max
                0x00800209        0x2 motor_control.o
                0x00800209                integrator_max
 .data.TWI_state
                0x0080020b        0x1 TWI_Master.o
 *(.rodata)
 *(.rodata*)
 .rodata.str1.1
                0x0080020c       0x6c CAN.o
 .rodata.str1.1
                0x00800278       0x24 main_node2.o
 .rodata.str1.1
                0x0080029c       0x99 MCP2515.o
 .rodata.str1.1
                0x00800335       0x83 motor_control.o
 *(.gnu.linkonce.d*)
                0x008003b8                . = ALIGN (0x2)
                0x008003b8                _edata = .
                0x008003b8                PROVIDE (__data_end, .)

.bss            0x008003b8       0x45
                0x008003b8                PROVIDE (__bss_start, .)
 *(.bss)
 *(.bss*)
 .bss.message_received
                0x008003b8        0x1 CAN.o
                0x008003b8                message_received
 .bss.playing_flag
                0x008003b9        0x2 motor_control.o
 .bss.timer_flag
                0x008003bb        0x2 motor_control.o
 .bss.TWI_bufPtr.1535
                0x008003bd        0x1 TWI_Master.o
 .bss.TWI_statusReg
                0x008003be        0x1 TWI_Master.o
                0x008003be                TWI_statusReg
 .bss.TWI_msgSize
                0x008003bf        0x1 TWI_Master.o
 .bss.TWI_buf   0x008003c0        0x4 TWI_Master.o
 *(COMMON)
 COMMON         0x008003c4        0x1 CAN.o
                0x008003c4                number_of_tries
 COMMON         0x008003c5       0x1c motor_control.o
                0x008003c5                encoder_max
                0x008003c7                kd
                0x008003cb                encoder_value
                0x008003cd                LSB
                0x008003ce                error_sum
                0x008003d2                MSB
                0x008003d3                clock_seconds
                0x008003d5                reference_value
                0x008003d7                ki
                0x008003db                counter
                0x008003dc                pid_flag
                0x008003dd                kp
 COMMON         0x008003e1       0x10 pwm.o
                0x008003e1                input_slider_start
                0x008003e2                input_joystick_end
                0x008003e4                input_slider_end
                0x008003e5                input_joystick_range
                0x008003e6                input_joystick_start
                0x008003e8                input_range
                0x008003ea                input_slider_range
                0x008003eb                output_start
                0x008003ed                output_range
                0x008003ef                output_end
 COMMON         0x008003f1        0x2 USART.o
                0x008003f1                uart
 COMMON         0x008003f3        0x4 c:/program files (x86)/atmel/atmel toolchain/avr8 gcc/native/3.4.1061/avr8-gnu-toolchain/bin/../lib/gcc/avr/4.8.1/../../../../avr/lib/avr6\libc.a(malloc.o)
                0x008003f3                __brkval
                0x008003f5                __flp
 COMMON         0x008003f7        0x6 c:/program files (x86)/atmel/atmel toolchain/avr8 gcc/native/3.4.1061/avr8-gnu-toolchain/bin/../lib/gcc/avr/4.8.1/../../../../avr/lib/avr6\libc.a(iob.o)
                0x008003f7                __iob
                0x008003fd                PROVIDE (__bss_end, .)
                0x00001bac                __data_load_start = LOADADDR (.data)
                0x00001d64                __data_load_end = (__data_load_start + SIZEOF (.data))

.noinit         0x008003fd        0x0
                0x008003fd                PROVIDE (__noinit_start, .)
 *(.noinit*)
                0x008003fd                PROVIDE (__noinit_end, .)
                0x008003fd                _end = .
                0x008003fd                PROVIDE (__heap_start, .)

.eeprom         0x00810000        0x0
 *(.eeprom*)
                0x00810000                __eeprom_end = .

.fuse
 *(.fuse)
 *(.lfuse)
 *(.hfuse)
 *(.efuse)

.lock
 *(.lock*)

.signature
 *(.signature*)

.user_signatures
 *(.user_signatures*)

.stab
 *(.stab)

.stabstr
 *(.stabstr)

.stab.excl
 *(.stab.excl)

.stab.exclstr
 *(.stab.exclstr)

.stab.index
 *(.stab.index)

.stab.indexstr
 *(.stab.indexstr)

.comment        0x00000000       0x5c
 *(.comment)
 .comment       0x00000000       0x30 ADC.o
                                 0x31 (size before relaxing)
 .comment       0x00000000       0x31 CAN.o
 .comment       0x00000000       0x31 DAC_driver.o
 .comment       0x00000000       0x31 main_node2.o
 .comment       0x00000000       0x31 MCP2515.o
 .comment       0x00000000       0x31 motor_control.o
 .comment       0x00000000       0x31 pwm.o
 .comment       0x00000000       0x31 solenoid.o
 .comment       0x00000000       0x31 spi.o
 .comment       0x00000000       0x31 TWI_Master.o
 .comment       0x00000000       0x31 USART.o
 .comment       0x00000000       0x31 c:/program files (x86)/atmel/atmel toolchain/avr8 gcc/native/3.4.1061/avr8-gnu-toolchain/bin/../lib/gcc/avr/4.8.1/../../../../avr/lib/avr6\libc.a(malloc.o)
 .comment       0x00000000       0x31 c:/program files (x86)/atmel/atmel toolchain/avr8 gcc/native/3.4.1061/avr8-gnu-toolchain/bin/../lib/gcc/avr/4.8.1/../../../../avr/lib/avr6\libc.a(fdevopen.o)
 .comment       0x00000000       0x31 c:/program files (x86)/atmel/atmel toolchain/avr8 gcc/native/3.4.1061/avr8-gnu-toolchain/bin/../lib/gcc/avr/4.8.1/../../../../avr/lib/avr6\libc.a(iob.o)
 .comment       0x00000000       0x31 c:/program files (x86)/atmel/atmel toolchain/avr8 gcc/native/3.4.1061/avr8-gnu-toolchain/bin/../lib/gcc/avr/4.8.1/../../../../avr/lib/avr6\libc.a(printf.o)
 .comment       0x00000000       0x31 c:/program files (x86)/atmel/atmel toolchain/avr8 gcc/native/3.4.1061/avr8-gnu-toolchain/bin/../lib/gcc/avr/4.8.1/../../../../avr/lib/avr6\libc.a(puts.o)
 .comment       0x00000030       0x2c c:/program files (x86)/atmel/atmel toolchain/avr8 gcc/native/3.4.1061/avr8-gnu-toolchain/bin/../lib/gcc/avr/4.8.1/../../../../avr/lib/avr6\libc.a(vfprintf_std.o)
                                 0x2d (size before relaxing)
 .comment       0x00000000       0x31 c:/program files (x86)/atmel/atmel toolchain/avr8 gcc/native/3.4.1061/avr8-gnu-toolchain/bin/../lib/gcc/avr/4.8.1/../../../../avr/lib/avr6\libc.a(calloc.o)
 .comment       0x00000000       0x31 c:/program files (x86)/atmel/atmel toolchain/avr8 gcc/native/3.4.1061/avr8-gnu-toolchain/bin/../lib/gcc/avr/4.8.1/../../../../avr/lib/avr6\libc.a(fputc.o)

.note.gnu.build-id
 *(.note.gnu.build-id)

.debug
 *(.debug)

.line
 *(.line)

.debug_srcinfo
 *(.debug_srcinfo)

.debug_sfnames
 *(.debug_sfnames)

.debug_aranges  0x00000000      0x320
 *(.debug_aranges)
 .debug_aranges
                0x00000000       0x38 ADC.o
 .debug_aranges
                0x00000038       0x58 CAN.o
 .debug_aranges
                0x00000090       0x28 DAC_driver.o
 .debug_aranges
                0x000000b8       0x40 main_node2.o
 .debug_aranges
                0x000000f8       0x60 MCP2515.o
 .debug_aranges
                0x00000158       0xb8 motor_control.o
 .debug_aranges
                0x00000210       0x28 pwm.o
 .debug_aranges
                0x00000238       0x28 solenoid.o
 .debug_aranges
                0x00000260       0x40 spi.o
 .debug_aranges
                0x000002a0       0x50 TWI_Master.o
 .debug_aranges
                0x000002f0       0x30 USART.o

.debug_pubnames
 *(.debug_pubnames)

.debug_info     0x00000000     0x2a33
 *(.debug_info .gnu.linkonce.wi.*)
 .debug_info    0x00000000       0xc5 ADC.o
 .debug_info    0x000000c5      0x59b CAN.o
 .debug_info    0x00000660      0x24b DAC_driver.o
 .debug_info    0x000008ab      0x9d9 main_node2.o
 .debug_info    0x00001284      0x544 MCP2515.o
 .debug_info    0x000017c8      0xa51 motor_control.o
 .debug_info    0x00002219      0x190 pwm.o
 .debug_info    0x000023a9       0xcf solenoid.o
 .debug_info    0x00002478      0x118 spi.o
 .debug_info    0x00002590      0x27d TWI_Master.o
 .debug_info    0x0000280d      0x226 USART.o

.debug_abbrev   0x00000000     0x1057
 *(.debug_abbrev)
 .debug_abbrev  0x00000000       0x67 ADC.o
 .debug_abbrev  0x00000067      0x1be CAN.o
 .debug_abbrev  0x00000225      0x199 DAC_driver.o
 .debug_abbrev  0x000003be      0x321 main_node2.o
 .debug_abbrev  0x000006df      0x182 MCP2515.o
 .debug_abbrev  0x00000861      0x355 motor_control.o
 .debug_abbrev  0x00000bb6       0x8d pwm.o
 .debug_abbrev  0x00000c43       0x99 solenoid.o
 .debug_abbrev  0x00000cdc       0xb7 spi.o
 .debug_abbrev  0x00000d93      0x18f TWI_Master.o
 .debug_abbrev  0x00000f22      0x135 USART.o

.debug_line     0x00000000     0x1a81
 *(.debug_line .debug_line.* .debug_line_end)
 .debug_line    0x00000000      0x113 ADC.o
 .debug_line    0x00000113      0x2a1 CAN.o
 .debug_line    0x000003b4      0x224 DAC_driver.o
 .debug_line    0x000005d8      0x4bd main_node2.o
 .debug_line    0x00000a95      0x2a5 MCP2515.o
 .debug_line    0x00000d3a      0x592 motor_control.o
 .debug_line    0x000012cc      0x16d pwm.o
 .debug_line    0x00001439       0xfa solenoid.o
 .debug_line    0x00001533      0x157 spi.o
 .debug_line    0x0000168a      0x2c7 TWI_Master.o
 .debug_line    0x00001951      0x130 USART.o

.debug_frame    0x00000000      0x6e4
 *(.debug_frame)
 .debug_frame   0x00000000       0x54 ADC.o
 .debug_frame   0x00000054       0xc4 CAN.o
 .debug_frame   0x00000118       0x44 DAC_driver.o
 .debug_frame   0x0000015c       0xac main_node2.o
 .debug_frame   0x00000208      0x108 MCP2515.o
 .debug_frame   0x00000310      0x20c motor_control.o
 .debug_frame   0x0000051c       0x34 pwm.o
 .debug_frame   0x00000550       0x34 solenoid.o
 .debug_frame   0x00000584       0x64 spi.o
 .debug_frame   0x000005e8       0xb8 TWI_Master.o
 .debug_frame   0x000006a0       0x44 USART.o

.debug_str      0x00000000      0xa8d
 *(.debug_str)
 .debug_str     0x00000000      0x154 ADC.o
                                0x188 (size before relaxing)
 .debug_str     0x00000154      0x1a9 CAN.o
                                0x31c (size before relaxing)
 .debug_str     0x000002fd       0xc3 DAC_driver.o
                                0x22e (size before relaxing)
 .debug_str     0x000003c0      0x330 main_node2.o
                                0x5df (size before relaxing)
 .debug_str     0x000006f0       0x80 MCP2515.o
                                0x29f (size before relaxing)
 .debug_str     0x00000770      0x129 motor_control.o
                                0x47e (size before relaxing)
 .debug_str     0x00000899       0xb0 pwm.o
                                0x23b (size before relaxing)
 .debug_str     0x00000949       0x10 solenoid.o
                                0x191 (size before relaxing)
 .debug_str     0x00000959       0x11 spi.o
                                0x1a3 (size before relaxing)
 .debug_str     0x0000096a       0xcd TWI_Master.o
                                0x266 (size before relaxing)
 .debug_str     0x00000a37       0x56 USART.o
                                0x1d1 (size before relaxing)

.debug_loc      0x00000000     0x129f
 *(.debug_loc)
 .debug_loc     0x00000000      0x1db CAN.o
 .debug_loc     0x000001db       0x90 DAC_driver.o
 .debug_loc     0x0000026b      0x3a1 main_node2.o
 .debug_loc     0x0000060c      0x32f MCP2515.o
 .debug_loc     0x0000093b      0x649 motor_control.o
 .debug_loc     0x00000f84      0x11f pwm.o
 .debug_loc     0x000010a3       0x41 solenoid.o
 .debug_loc     0x000010e4      0x150 TWI_Master.o
 .debug_loc     0x00001234       0x6b USART.o

.debug_macinfo
 *(.debug_macinfo)

.debug_weaknames
 *(.debug_weaknames)

.debug_funcnames
 *(.debug_funcnames)

.debug_typenames
 *(.debug_typenames)

.debug_varnames
 *(.debug_varnames)

.debug_pubtypes
 *(.debug_pubtypes)

.debug_ranges   0x00000000      0x288
 *(.debug_ranges)
 .debug_ranges  0x00000000       0x28 ADC.o
 .debug_ranges  0x00000028       0x48 CAN.o
 .debug_ranges  0x00000070       0x18 DAC_driver.o
 .debug_ranges  0x00000088       0x48 main_node2.o
 .debug_ranges  0x000000d0       0x50 MCP2515.o
 .debug_ranges  0x00000120       0xa8 motor_control.o
 .debug_ranges  0x000001c8       0x18 pwm.o
 .debug_ranges  0x000001e0       0x18 solenoid.o
 .debug_ranges  0x000001f8       0x30 spi.o
 .debug_ranges  0x00000228       0x40 TWI_Master.o
 .debug_ranges  0x00000268       0x20 USART.o

.debug_macro
 *(.debug_macro)
OUTPUT(Byggern_node2.elf elf32-avr)
LOAD linker stubs
